=== Starting Robie Mailbox Cleanup (quiet, no Carlo email) at 2026-09-06_12-20-02 ===
2026-09-06 12:20:03,074 [INFO] googleapiclient.discovery_cache: file_cache is only supported with oauth2client<4.0.0
2026-09-06 12:20:03,432 [INFO] googleapiclient.discovery_cache: file_cache is only supported with oauth2client<4.0.0
2026-09-06 12:20:03,770 [INFO] googleapiclient.discovery_cache: file_cache is only supported with oauth2client<4.0.0
2026-09-06 12:20:04,158 [INFO] googleapiclient.discovery_cache: file_cache is only supported with oauth2client<4.0.0
2026-09-06 12:20:04,436 [INFO] robie_cleaner: Starting daily inbox audit for robie@streetsmart.insurance (dry_run=False)...
2026-09-06 12:20:04,724 [INFO] robie_cleaner: Noise cleanup complete: 0 messages moved to trash.
2026-09-06 12:20:04,772 [INFO] gmail_client: Polling inbox: robie@streetsmart.insurance for renewal replies and incoming carrier emails...
2026-09-06 12:20:05,247 [INFO] gmail_client: Downloaded email attachment: 1a06e418dd5c8cc2_CCP35165.pdf
2026-09-06 12:20:05,556 [INFO] gmail_client: Downloaded email attachment: 1a06d7ed837859ad_ClaimReport_PrintAllPages_09042026135pm.pdf
2026-09-06 12:20:06,048 [INFO] gmail_client: Downloaded email attachment: 1a06c6f6b5b7879a_WCU  Quotation - BROKER - Quote    QQ41152139 - Pol    106793 - Type  RENEWAL - Year  2026 - Acct    AA14083242 - Doc Date  8-17-2026 - DH  596452684.pdf
2026-09-06 12:20:06,314 [INFO] gmail_client: Polling inbox: hello@streetsmart.insurance for renewal replies and incoming carrier emails...
2026-09-06 12:20:06,662 [INFO] uw_reply_filer: Skipping already-filed UW reply 1a070ccac7e06094 for Pol #67664405
2026-09-06 12:20:06,664 [INFO] uw_reply_filer: Skipping already-filed UW reply 1a06e418dd5c8cc2 for Pol #CCP35165-01
2026-09-06 12:20:06,665 [INFO] uw_reply_filer: Skipping already-filed UW reply 1a06e1922727d73b for Pol #106793-4-25
2026-09-06 12:20:06,667 [INFO] uw_reply_filer: Skipping already-filed UW reply 1a06d7ed837859ad for Pol #106793-4-25
2026-09-06 12:20:06,668 [INFO] uw_reply_filer: Skipping already-filed UW reply 1a06d45685255eae for Pol #PWC1239278
2026-09-06 12:20:06,669 [INFO] uw_reply_filer: Skipping already-filed UW reply 1a06d39d5e1f0e53 for Pol #UB-6N448514-25-42-V
2026-09-06 12:20:06,670 [INFO] uw_reply_filer: Skipping already-filed UW reply 1a06ca7eacf13fa4 for Pol #13332766-03
2026-09-06 12:20:06,672 [INFO] uw_reply_filer: Skipping already-filed UW reply 1a06c99ccd9d2718 for Pol #268224700A
2026-09-06 12:20:06,673 [INFO] uw_reply_filer: Skipping already-filed UW reply 1a06c6f6b5b7879a for Pol #106793-4-25
2026-09-06 12:20:06,674 [INFO] uw_reply_filer: Skipping already-filed UW reply 1a06c0972cccb3e0 for Pol #UB-6N448514-25-42-V
2026-09-06 12:20:06,675 [INFO] uw_reply_filer: Skipping already-filed UW reply 1a06c07264b9cf22 for Pol #PWC1239278
2026-09-06 12:20:06,676 [INFO] uw_reply_filer: UW reply filing complete: filed=0 skipped=11 errors=0 dry_run=False
2026-09-06 12:20:06,676 [INFO] robie_cleaner: UW reply filing from cleaner: filed=0 skipped=11 dry_run=False
2026-09-06 12:20:18,813 [INFO] robie_cleaner: Gathered 169 authentic messages for reporting.
2026-09-06 12:20:18,815 [INFO] robie_cleaner: Dry run enabled or no recipient; skipped emailing report.

Execution Finished: 2 noise trashed, 169 real messages found. Report sent: False
=== Robie Mailbox Cleanup Finished at 2026-09-06_12-20-19 ===
