=== Starting Robie Mailbox Cleanup (quiet, no Carlo email) & Cleanup at 2026-09-06_16-20-01 ===
2026-09-06 16:20:03,048 [INFO] googleapiclient.discovery_cache: file_cache is only supported with oauth2client<4.0.0
2026-09-06 16:20:03,399 [INFO] googleapiclient.discovery_cache: file_cache is only supported with oauth2client<4.0.0
2026-09-06 16:20:03,712 [INFO] googleapiclient.discovery_cache: file_cache is only supported with oauth2client<4.0.0
2026-09-06 16:20:04,086 [INFO] googleapiclient.discovery_cache: file_cache is only supported with oauth2client<4.0.0
2026-09-06 16:20:04,380 [INFO] robie_cleaner: Starting daily inbox audit for robie@streetsmart.insurance (dry_run=False)...
2026-09-06 16:20:04,660 [INFO] robie_cleaner: Noise cleanup complete: 0 messages moved to trash.
2026-09-06 16:20:04,712 [INFO] gmail_client: Polling inbox: robie@streetsmart.insurance for renewal replies and incoming carrier emails...
2026-09-06 16:20:04,978 [ERROR] gmail_client: Error downloading attachment RE: [External] [RENEWAL-REQ-63] Renewal & Loss Runs Request: ROBIE Test LLC - Pol #UB-6N448514-25-42-V (Exp: 10/05/2026).eml: [Errno 2] No such file or directory: '/opt/renewal-automation-system/data/downloads/inbox_attachments/1a0775c756130946_RE: [External] [RENEWAL-REQ-63] Renewal & Loss Runs Request: ROBIE Test LLC - Pol #UB-6N448514-25-42-V (Exp: 10/05/2026).eml'
2026-09-06 16:20:05,325 [INFO] gmail_client: Downloaded email attachment: 1a06e418dd5c8cc2_CCP35165.pdf
2026-09-06 16:20:05,655 [INFO] gmail_client: Downloaded email attachment: 1a06d7ed837859ad_ClaimReport_PrintAllPages_09042026135pm.pdf
2026-09-06 16:20:06,146 [INFO] gmail_client: Downloaded email attachment: 1a06c6f6b5b7879a_WCU  Quotation - BROKER - Quote    QQ41152139 - Pol    106793 - Type  RENEWAL - Year  2026 - Acct    AA14083242 - Doc Date  8-17-2026 - DH  596452684.pdf
2026-09-06 16:20:06,425 [INFO] gmail_client: Polling inbox: hello@streetsmart.insurance for renewal replies and incoming carrier emails...
2026-09-06 16:20:06,990 [INFO] ezlynx_api: Retrieved 23 discussions via portal session for applicant 220250093
2026-09-06 16:20:06,991 [INFO] ezlynx_api: Matched discussion by policy# 'UB-6N448514-25-42-V': 'Renewal Manual Workers comp | UB-6N448514-25-42-V Travelers' (ID 841882311)
2026-09-06 16:20:07,196 [INFO] ezlynx_api: Retrieved 23 discussions via portal session for applicant 220250093
2026-09-06 16:20:07,197 [INFO] ezlynx_api: Matched discussion by policy# 'UB-6N448514-25-42-V': 'Renewal Manual Workers comp | UB-6N448514-25-42-V Travelers' (ID 841882311)
2026-09-06 16:20:07,714 [INFO] ezlynx_api: Successfully authenticated with Classic EZLynx API (EZToken issued).
2026-09-06 16:20:08,073 [INFO] ezlynx_api: Successfully posted note via EZLynx REST Note API for Applicant 220250093: NoteId 1123367815 into 'Renewal Manual Workers comp | UB-6N448514-25-42-V Travelers'
2026-09-06 16:20:08,135 [INFO] email_handoff: Sending immediate underwriter reply notification to sandy@streetsmart.insurance for Pol #UB-6N448514-25-42-V
2026-09-06 16:20:08,347 [INFO] gmail_client: Email successfully sent from robie@streetsmart.insurance to sandy@streetsmart.insurance (Msg ID: 1a077851eb9428ff)
2026-09-06 16:20:08,465 [INFO] gmail_client: Marked message 1a0775c756130946 as READ.
2026-09-06 16:20:08,468 [INFO] uw_reply_filer: Skipping already-filed UW reply 1a070ccac7e06094 for Pol #67664405
2026-09-06 16:20:08,470 [INFO] uw_reply_filer: Skipping already-filed UW reply 1a06e418dd5c8cc2 for Pol #CCP35165-01
2026-09-06 16:20:08,471 [INFO] uw_reply_filer: Skipping already-filed UW reply 1a06e1922727d73b for Pol #106793-4-25
2026-09-06 16:20:08,473 [INFO] uw_reply_filer: Skipping already-filed UW reply 1a06d7ed837859ad for Pol #106793-4-25
2026-09-06 16:20:08,474 [INFO] uw_reply_filer: Skipping already-filed UW reply 1a06d45685255eae for Pol #PWC1239278
2026-09-06 16:20:08,476 [INFO] uw_reply_filer: Skipping already-filed UW reply 1a06d39d5e1f0e53 for Pol #UB-6N448514-25-42-V
2026-09-06 16:20:08,478 [INFO] uw_reply_filer: Skipping already-filed UW reply 1a06ca7eacf13fa4 for Pol #13332766-03
2026-09-06 16:20:08,480 [INFO] uw_reply_filer: Skipping already-filed UW reply 1a06c99ccd9d2718 for Pol #268224700A
2026-09-06 16:20:08,481 [INFO] uw_reply_filer: Skipping already-filed UW reply 1a06c6f6b5b7879a for Pol #106793-4-25
2026-09-06 16:20:08,483 [INFO] uw_reply_filer: Skipping already-filed UW reply 1a06c0972cccb3e0 for Pol #UB-6N448514-25-42-V
2026-09-06 16:20:08,484 [INFO] uw_reply_filer: Skipping already-filed UW reply 1a06c07264b9cf22 for Pol #PWC1239278
2026-09-06 16:20:08,503 [INFO] uw_reply_filer: UW reply filing complete: filed=1 skipped=11 errors=0 dry_run=False
2026-09-06 16:20:08,504 [INFO] robie_cleaner: UW reply filing from cleaner: filed=1 skipped=11 dry_run=False
2026-09-06 16:20:20,335 [INFO] robie_cleaner: Gathered 164 authentic messages for reporting.
2026-09-06 16:20:20,338 [INFO] robie_cleaner: Dry run enabled or no recipient; skipped emailing report.

Execution Finished: 2 noise trashed, 164 real messages found. Report sent: False
=== Robie Daily Mailbox Audit Finished at 2026-09-06_16-20-20 ===
