=== Starting Robie Hourly Inbox Cleanup + Carlo report at 2026-09-06_21-00-01 ===
2026-09-06 21:00:03,519 [INFO] googleapiclient.discovery_cache: file_cache is only supported with oauth2client<4.0.0
2026-09-06 21:00:04,073 [INFO] googleapiclient.discovery_cache: file_cache is only supported with oauth2client<4.0.0
2026-09-06 21:00:04,500 [INFO] googleapiclient.discovery_cache: file_cache is only supported with oauth2client<4.0.0
2026-09-06 21:00:04,953 [INFO] googleapiclient.discovery_cache: file_cache is only supported with oauth2client<4.0.0
2026-09-06 21:00:05,291 [INFO] robie_cleaner: Starting hourly inbox audit for robie@streetsmart.insurance (dry_run=False)...
2026-09-06 21:00:05,389 [INFO] robie_cleaner: Carlo reply commands: processed=0 actions=0 errors=0
2026-09-06 21:00:06,085 [INFO] robie_cleaner: Found 1 messages matching noise category: Robie Hourly Inbox Reports
2026-09-06 21:00:06,274 [INFO] robie_cleaner: Noise cleanup complete: 1 messages moved to trash.
2026-09-06 21:00:06,392 [INFO] gmail_client: Polling inbox: robie@streetsmart.insurance for renewal replies and incoming carrier emails...
2026-09-06 21:00:06,681 [ERROR] gmail_client: Error downloading attachment RE: [External] [RENEWAL-REQ-63] Renewal & Loss Runs Request: ROBIE Test LLC - Pol #UB-6N448514-25-42-V (Exp: 10/05/2026).eml: [Errno 2] No such file or directory: '/opt/renewal-automation-system/data/downloads/inbox_attachments/1a0775c756130946_RE: [External] [RENEWAL-REQ-63] Renewal & Loss Runs Request: ROBIE Test LLC - Pol #UB-6N448514-25-42-V (Exp: 10/05/2026).eml'
2026-09-06 21:00:06,959 [INFO] gmail_client: Downloaded email attachment: 1a06e418dd5c8cc2_CCP35165.pdf
2026-09-06 21:00:07,188 [INFO] gmail_client: Downloaded email attachment: 1a06d7ed837859ad_ClaimReport_PrintAllPages_09042026135pm.pdf
2026-09-06 21:00:07,707 [INFO] gmail_client: Downloaded email attachment: 1a06c6f6b5b7879a_WCU  Quotation - BROKER - Quote    QQ41152139 - Pol    106793 - Type  RENEWAL - Year  2026 - Acct    AA14083242 - Doc Date  8-17-2026 - DH  596452684.pdf
2026-09-06 21:00:07,976 [INFO] gmail_client: Polling inbox: hello@streetsmart.insurance for renewal replies and incoming carrier emails...
2026-09-06 21:00:08,636 [INFO] gmail_client: Downloaded email attachment: 1a07810d2f75fea6_HAUL AZZ LLC-Binder-DSLA1000836-00.pdf.pdf
2026-09-06 21:00:08,655 [INFO] uw_reply_filer: Skipping already-filed UW reply 1a0775c756130946 for Pol #UB-6N448514-25-42-V
2026-09-06 21:00:08,659 [INFO] uw_reply_filer: Skipping already-filed UW reply 1a070ccac7e06094 for Pol #67664405
2026-09-06 21:00:08,663 [INFO] uw_reply_filer: Skipping already-filed UW reply 1a06e418dd5c8cc2 for Pol #CCP35165-01
2026-09-06 21:00:08,667 [INFO] uw_reply_filer: Skipping already-filed UW reply 1a06e1922727d73b for Pol #106793-4-25
2026-09-06 21:00:08,669 [INFO] uw_reply_filer: Skipping already-filed UW reply 1a06d7ed837859ad for Pol #106793-4-25
2026-09-06 21:00:08,671 [INFO] uw_reply_filer: Skipping already-filed UW reply 1a06d45685255eae for Pol #PWC1239278
2026-09-06 21:00:08,673 [INFO] uw_reply_filer: Skipping already-filed UW reply 1a06d39d5e1f0e53 for Pol #UB-6N448514-25-42-V
2026-09-06 21:00:08,676 [INFO] uw_reply_filer: Skipping already-filed UW reply 1a06ca7eacf13fa4 for Pol #13332766-03
2026-09-06 21:00:08,678 [INFO] uw_reply_filer: Skipping already-filed UW reply 1a06c99ccd9d2718 for Pol #268224700A
2026-09-06 21:00:08,682 [INFO] uw_reply_filer: Skipping already-filed UW reply 1a06c6f6b5b7879a for Pol #106793-4-25
2026-09-06 21:00:08,685 [INFO] uw_reply_filer: Skipping already-filed UW reply 1a06c0972cccb3e0 for Pol #UB-6N448514-25-42-V
2026-09-06 21:00:08,687 [INFO] uw_reply_filer: Skipping already-filed UW reply 1a06c07264b9cf22 for Pol #PWC1239278
2026-09-06 21:00:08,690 [INFO] uw_reply_filer: UW reply filing complete: filed=0 skipped=12 errors=0 dry_run=False
2026-09-06 21:00:08,691 [INFO] robie_cleaner: UW reply filing from cleaner: filed=0 skipped=12 dry_run=False
2026-09-06 21:00:16,861 [INFO] robie_cleaner: Gathered 123 authentic messages for reporting.
2026-09-06 21:00:17,151 [INFO] robie_cleaner: Archived 0 automated messages out of Inbox.
2026-09-06 21:00:22,134 [INFO] gmail_client: Email successfully sent from robie@streetsmart.insurance to carlo@streetsmart.insurance (Msg ID: 1a07885ae8737b43)
2026-09-06 21:00:22,136 [INFO] robie_cleaner: Successfully dispatched hourly report to carlo@streetsmart.insurance (ID: 1a07885ae8737b43)

Execution Finished: 1 noise trashed, 0 archived, 93 need decision, 101 categorized. Report sent: True
=== Robie Hourly Mailbox Cleanup Finished at 2026-09-06_21-00-22 ===
