=== Starting Robie Hourly Inbox Cleanup + Carlo report at 2026-09-07_01-00-01 ===
2026-09-07 01:00:02,824 [INFO] googleapiclient.discovery_cache: file_cache is only supported with oauth2client<4.0.0
2026-09-07 01:00:03,114 [INFO] googleapiclient.discovery_cache: file_cache is only supported with oauth2client<4.0.0
2026-09-07 01:00:03,438 [INFO] googleapiclient.discovery_cache: file_cache is only supported with oauth2client<4.0.0
2026-09-07 01:00:03,871 [INFO] googleapiclient.discovery_cache: file_cache is only supported with oauth2client<4.0.0
2026-09-07 01:00:04,116 [INFO] robie_cleaner: Starting hourly inbox audit for robie@streetsmart.insurance (dry_run=False)...
2026-09-07 01:00:04,219 [INFO] robie_cleaner: Carlo reply commands: processed=0 actions=0 errors=0
2026-09-07 01:00:04,287 [INFO] robie_cleaner: Found 2 messages matching noise category: Mailer-Daemon Bounces
2026-09-07 01:00:05,143 [INFO] robie_cleaner: Found 1 messages matching noise category: Robie Hourly Inbox Reports
2026-09-07 01:00:05,328 [INFO] robie_cleaner: Noise cleanup complete: 3 messages moved to trash.
2026-09-07 01:00:05,384 [INFO] gmail_client: Polling inbox: robie@streetsmart.insurance for renewal replies and incoming carrier emails...
2026-09-07 01:00:05,721 [ERROR] gmail_client: Error downloading attachment RE: [External] [RENEWAL-REQ-63] Renewal & Loss Runs Request: ROBIE Test LLC - Pol #UB-6N448514-25-42-V (Exp: 10/05/2026).eml: [Errno 2] No such file or directory: '/opt/renewal-automation-system/data/downloads/inbox_attachments/1a0775c756130946_RE: [External] [RENEWAL-REQ-63] Renewal & Loss Runs Request: ROBIE Test LLC - Pol #UB-6N448514-25-42-V (Exp: 10/05/2026).eml'
2026-09-07 01:00:05,973 [INFO] gmail_client: Downloaded email attachment: 1a06e418dd5c8cc2_CCP35165.pdf
2026-09-07 01:00:06,149 [INFO] gmail_client: Downloaded email attachment: 1a06d7ed837859ad_ClaimReport_PrintAllPages_09042026135pm.pdf
2026-09-07 01:00:06,644 [INFO] gmail_client: Downloaded email attachment: 1a06c6f6b5b7879a_WCU  Quotation - BROKER - Quote    QQ41152139 - Pol    106793 - Type  RENEWAL - Year  2026 - Acct    AA14083242 - Doc Date  8-17-2026 - DH  596452684.pdf
2026-09-07 01:00:06,793 [INFO] gmail_client: Polling inbox: hello@streetsmart.insurance for renewal replies and incoming carrier emails...
2026-09-07 01:00:07,659 [INFO] gmail_client: Downloaded email attachment: 1a078fee8dc2315b_HAUL AZZ LLC-Policy-DSLA1000836-00.pdf.pdf
2026-09-07 01:00:07,945 [INFO] gmail_client: Downloaded email attachment: 1a07810d2f75fea6_HAUL AZZ LLC-Binder-DSLA1000836-00.pdf.pdf
2026-09-07 01:00:07,953 [INFO] uw_reply_filer: Skipping already-filed UW reply 1a0775c756130946 for Pol #UB-6N448514-25-42-V
2026-09-07 01:00:07,955 [INFO] uw_reply_filer: Skipping already-filed UW reply 1a070ccac7e06094 for Pol #67664405
2026-09-07 01:00:07,956 [INFO] uw_reply_filer: Skipping already-filed UW reply 1a06e418dd5c8cc2 for Pol #CCP35165-01
2026-09-07 01:00:07,958 [INFO] uw_reply_filer: Skipping already-filed UW reply 1a06d7ed837859ad for Pol #106793-4-25
2026-09-07 01:00:07,959 [INFO] uw_reply_filer: Skipping already-filed UW reply 1a06d45685255eae for Pol #PWC1239278
2026-09-07 01:00:07,960 [INFO] uw_reply_filer: Skipping already-filed UW reply 1a06d39d5e1f0e53 for Pol #UB-6N448514-25-42-V
2026-09-07 01:00:07,961 [INFO] uw_reply_filer: Skipping already-filed UW reply 1a06ca7eacf13fa4 for Pol #13332766-03
2026-09-07 01:00:07,963 [INFO] uw_reply_filer: Skipping already-filed UW reply 1a06c99ccd9d2718 for Pol #268224700A
2026-09-07 01:00:07,964 [INFO] uw_reply_filer: Skipping already-filed UW reply 1a06c6f6b5b7879a for Pol #106793-4-25
2026-09-07 01:00:07,966 [INFO] uw_reply_filer: Skipping already-filed UW reply 1a06c0972cccb3e0 for Pol #UB-6N448514-25-42-V
2026-09-07 01:00:07,967 [INFO] uw_reply_filer: Skipping already-filed UW reply 1a06c07264b9cf22 for Pol #PWC1239278
2026-09-07 01:00:07,968 [INFO] uw_reply_filer: UW reply filing complete: filed=0 skipped=11 errors=0 dry_run=False
2026-09-07 01:00:07,968 [INFO] robie_cleaner: UW reply filing from cleaner: filed=0 skipped=11 dry_run=False
2026-09-07 01:00:14,153 [INFO] robie_cleaner: Gathered 98 authentic messages for reporting.
2026-09-07 01:00:15,114 [INFO] robie_cleaner: Archived 0 automated messages out of Inbox.
2026-09-07 01:00:22,582 [INFO] robie_cleaner: Skipped Carlo email (dry_run=False recipient='carlo@streetsmart.insurance' needs_decision=0 reply_processed=0)

Execution Finished: 3 noise trashed, 2 archived, 0 need decision, 96 categorized. Report sent: False
=== Robie Hourly Mailbox Cleanup Finished at 2026-09-07_01-00-22 ===
