=== Starting Robie Daily Mailbox Audit & Cleanup at 2026-09-09_21-00-02 ===
2026-09-09 21:00:03,014 [INFO] googleapiclient.discovery_cache: file_cache is only supported with oauth2client<4.0.0
2026-09-09 21:00:03,332 [INFO] googleapiclient.discovery_cache: file_cache is only supported with oauth2client<4.0.0
2026-09-09 21:00:03,635 [INFO] googleapiclient.discovery_cache: file_cache is only supported with oauth2client<4.0.0
2026-09-09 21:00:04,071 [INFO] googleapiclient.discovery_cache: file_cache is only supported with oauth2client<4.0.0
2026-09-09 21:00:04,321 [INFO] robie_cleaner: Starting daily inbox audit for robie@streetsmart.insurance (dry_run=False)...
2026-09-09 21:00:04,658 [INFO] robie_cleaner: Noise cleanup complete: 0 messages moved to trash.
2026-09-09 21:00:04,701 [INFO] gmail_client: Polling inbox: robie@streetsmart.insurance for renewal replies and incoming carrier emails...
2026-09-09 21:00:05,122 [INFO] gmail_client: Downloaded email attachment: 1a08647fad6ddb25_image338767.png
2026-09-09 21:00:05,303 [INFO] gmail_client: Downloaded email attachment: 1a083b86c1f96e99_image001.png
2026-09-09 21:00:05,398 [INFO] gmail_client: Downloaded email attachment: 1a083b86c1f96e99_image002.png
2026-09-09 21:00:05,650 [INFO] gmail_client: Downloaded email attachment: 1a083b86c1f96e99_A4229653_09082026_210556.pdf
2026-09-09 21:00:05,764 [INFO] gmail_client: Downloaded email attachment: 1a083b86c1f96e99_ADVANCE MARBLE & GRANITE LLC.pdf
2026-09-09 21:00:06,606 [INFO] gmail_client: Downloaded email attachment: 1a080feb059c3c87_WCU  Quotation - BROKER - Quote    QQ41152139 - Pol    106793 - Type  RENEWAL - Year  2026 - Acct    AA14083242 - Doc Date  8-17-2026 - DH  596452684.pdf
2026-09-09 21:00:07,001 [INFO] gmail_client: Downloaded email attachment: 1a0775c756130946_RE_ [External] [RENEWAL-REQ-63] Renewal & Loss Runs Request_ ROBIE Test LLC - Pol #UB-6N448514-25-42-V (Exp_ 10_05_2026).eml
2026-09-09 21:00:07,266 [INFO] gmail_client: Downloaded email attachment: 1a06e418dd5c8cc2_CCP35165.pdf
2026-09-09 21:00:07,437 [INFO] gmail_client: Downloaded email attachment: 1a06d7ed837859ad_ClaimReport_PrintAllPages_09042026135pm.pdf
2026-09-09 21:00:08,026 [INFO] gmail_client: Downloaded email attachment: 1a06c6f6b5b7879a_WCU  Quotation - BROKER - Quote    QQ41152139 - Pol    106793 - Type  RENEWAL - Year  2026 - Acct    AA14083242 - Doc Date  8-17-2026 - DH  596452684.pdf
2026-09-09 21:00:08,161 [INFO] gmail_client: Polling inbox: hello@streetsmart.insurance for renewal replies and incoming carrier emails...
2026-09-09 21:00:08,440 [INFO] uw_reply_filer: Skipping already-filed UW reply 1a0867ccc2ab6f33 for Pol #CM92DC00437-001 MTC
2026-09-09 21:00:08,441 [INFO] uw_reply_filer: Skipping already-filed UW reply 1a08647fad6ddb25 for Pol #ACT4034556
2026-09-09 21:00:08,442 [INFO] uw_reply_filer: Skipping already-filed UW reply 1a083b86c1f96e99 for Pol #6S60UB A422965-3-25
2026-09-09 21:00:08,444 [INFO] uw_reply_filer: Skipping already-filed UW reply 1a082ea1cdf077be for Pol #FINFR17078371-94344-SSRM NTL
2026-09-09 21:00:08,444 [INFO] uw_reply_filer: Skipping already-filed UW reply 1a082ea098872fec for Pol #248394-001APD-94344-SSRM APD
2026-09-09 21:00:08,445 [INFO] uw_reply_filer: Skipping already-filed UW reply 1a082e96301431e0 for Pol #A23B8960-78760-SSRM NTL
2026-09-09 21:00:08,452 [INFO] uw_reply_filer: Skipping already-filed UW reply 1a082daab13d9673 for Pol #FINFR17078371-94344-SSRM NTL
2026-09-09 21:00:08,453 [INFO] uw_reply_filer: Skipping already-filed UW reply 1a082da98263e5b7 for Pol #A23B8960-78760-SSRM NTL
2026-09-09 21:00:08,456 [INFO] uw_reply_filer: Skipping already-filed UW reply 1a082da78d5e2400 for Pol #FINFR17078371-94344-SSRM NTL
2026-09-09 21:00:08,457 [INFO] uw_reply_filer: Skipping already-filed UW reply 1a082da57871b1fb for Pol #FINFR17078371-94344-SSRM NTL
2026-09-09 21:00:08,458 [INFO] uw_reply_filer: Skipping already-filed UW reply 1a082da3d9471f65 for Pol #248394-001APD-94344-SSRM APD
2026-09-09 21:00:08,459 [INFO] uw_reply_filer: Skipping already-filed UW reply 1a0818441f191306 for Pol #67664405
2026-09-09 21:00:08,460 [INFO] uw_reply_filer: Skipping already-filed UW reply 1a080feb059c3c87 for Pol #106793-4-25
2026-09-09 21:00:08,461 [INFO] uw_reply_filer: Skipping already-filed UW reply 1a07e763c98b936a for Pol #WPH5080304 001
2026-09-09 21:00:08,462 [INFO] uw_reply_filer: Skipping already-filed UW reply 1a07dd56907441ad for Pol #ACT4034556
2026-09-09 21:00:08,463 [INFO] uw_reply_filer: Skipping already-filed UW reply 1a07dc83ce522777 for Pol #LSP600011096
2026-09-09 21:00:08,463 [INFO] uw_reply_filer: Skipping already-filed UW reply 1a0775c756130946 for Pol #UB-6N448514-25-42-V
2026-09-09 21:00:08,464 [INFO] uw_reply_filer: Skipping already-filed UW reply 1a070ccac7e06094 for Pol #67664405
2026-09-09 21:00:08,465 [INFO] uw_reply_filer: Skipping already-filed UW reply 1a06e418dd5c8cc2 for Pol #CCP35165-01
2026-09-09 21:00:08,466 [INFO] uw_reply_filer: Skipping already-filed UW reply 1a06d7ed837859ad for Pol #106793-4-25
2026-09-09 21:00:08,467 [INFO] uw_reply_filer: Skipping already-filed UW reply 1a06d45685255eae for Pol #PWC1239278
2026-09-09 21:00:08,467 [INFO] uw_reply_filer: Skipping already-filed UW reply 1a06d39d5e1f0e53 for Pol #UB-6N448514-25-42-V
2026-09-09 21:00:08,468 [INFO] uw_reply_filer: Skipping already-filed UW reply 1a06ca7eacf13fa4 for Pol #13332766-03
2026-09-09 21:00:08,469 [INFO] uw_reply_filer: Skipping already-filed UW reply 1a06c99ccd9d2718 for Pol #268224700A
2026-09-09 21:00:08,470 [INFO] uw_reply_filer: Skipping already-filed UW reply 1a06c6f6b5b7879a for Pol #106793-4-25
2026-09-09 21:00:08,471 [INFO] uw_reply_filer: Skipping already-filed UW reply 1a06c0972cccb3e0 for Pol #UB-6N448514-25-42-V
2026-09-09 21:00:08,472 [INFO] uw_reply_filer: Skipping already-filed UW reply 1a06c07264b9cf22 for Pol #PWC1239278
2026-09-09 21:00:08,472 [INFO] uw_reply_filer: UW reply filing complete: filed=0 skipped=27 errors=0 dry_run=False
2026-09-09 21:00:08,473 [INFO] robie_cleaner: UW reply filing from cleaner: filed=0 skipped=27 dry_run=False
2026-09-09 21:00:23,157 [INFO] robie_cleaner: Gathered 186 authentic messages for reporting.
2026-09-09 21:00:23,159 [INFO] robie_cleaner: Current time (09:00 PM America/New_York) is outside designated report hours (12, 15, 17). Mailbox cleaned and replies filed; email report suppressed.
2026-09-09 21:00:23,159 [INFO] robie_cleaner: Report delivery skipped per schedule gate (12pm, 3pm, 5pm ET).

Execution Finished: 0 noise trashed, 186 real messages found. Report sent: False
=== Robie Daily Mailbox Audit Finished at 2026-09-09_21-00-23 ===
