=== Starting Robie Daily Mailbox Audit & Cleanup at 2026-09-09_10-00-01 ===
2026-09-09 10:00:03,190 [INFO] googleapiclient.discovery_cache: file_cache is only supported with oauth2client<4.0.0
2026-09-09 10:00:03,488 [INFO] googleapiclient.discovery_cache: file_cache is only supported with oauth2client<4.0.0
2026-09-09 10:00:03,790 [INFO] googleapiclient.discovery_cache: file_cache is only supported with oauth2client<4.0.0
2026-09-09 10:00:04,205 [INFO] googleapiclient.discovery_cache: file_cache is only supported with oauth2client<4.0.0
2026-09-09 10:00:04,483 [INFO] robie_cleaner: Starting daily inbox audit for robie@streetsmart.insurance (dry_run=False)...
2026-09-09 10:00:04,869 [INFO] robie_cleaner: Noise cleanup complete: 0 messages moved to trash.
2026-09-09 10:00:04,873 [WARNING] robie_cleaner: UW reply filing skipped (cleaner continues; replies are not trashed): (sqlite3.OperationalError) attempt to write a readonly database
[SQL: PRAGMA main.table_info("policy_renewals")]
(Background on this error at: https://sqlalche.me/e/20/e3q8)
2026-09-09 10:00:18,567 [INFO] robie_cleaner: Gathered 183 authentic messages for reporting.
2026-09-09 10:00:18,568 [WARNING] robie_cleaner: Error querying carrier actions from db: attempt to write a readonly database
2026-09-09 10:00:18,570 [INFO] robie_cleaner: Current time (06:00 AM America/New_York) is outside designated report hours (12, 15, 17). Mailbox cleaned and replies filed; email report suppressed.
2026-09-09 10:00:18,570 [INFO] robie_cleaner: Report delivery skipped per schedule gate (12pm, 3pm, 5pm ET).

Execution Finished: 0 noise trashed, 183 real messages found. Report sent: False
=== Robie Daily Mailbox Audit Finished at 2026-09-09_10-00-18 ===
=== Starting Robie Daily Mailbox Audit & Cleanup at 2026-09-09_10-00-01 ===
2026-09-09 10:00:02,311 [INFO] googleapiclient.discovery_cache: file_cache is only supported with oauth2client<4.0.0
2026-09-09 10:00:02,633 [INFO] googleapiclient.discovery_cache: file_cache is only supported with oauth2client<4.0.0
2026-09-09 10:00:02,914 [INFO] googleapiclient.discovery_cache: file_cache is only supported with oauth2client<4.0.0
2026-09-09 10:00:03,535 [INFO] googleapiclient.discovery_cache: file_cache is only supported with oauth2client<4.0.0
2026-09-09 10:00:03,800 [INFO] robie_cleaner: Starting daily inbox audit for robie@streetsmart.insurance (dry_run=False)...
2026-09-09 10:00:04,146 [INFO] robie_cleaner: Noise cleanup complete: 0 messages moved to trash.
2026-09-09 10:00:04,184 [INFO] gmail_client: Polling inbox: robie@streetsmart.insurance for renewal replies and incoming carrier emails...
2026-09-09 10:00:04,455 [INFO] gmail_client: Downloaded email attachment: 1a08647fad6ddb25_image338767.png
2026-09-09 10:00:05,129 [INFO] gmail_client: Downloaded email attachment: 1a085ad6ba41e2c8_Robie_-_EZLynx_Activities_2026-09-09T0605.xlsx
2026-09-09 10:00:05,332 [INFO] gmail_client: Downloaded email attachment: 1a083b86c1f96e99_image001.png
2026-09-09 10:00:05,521 [INFO] gmail_client: Downloaded email attachment: 1a083b86c1f96e99_image002.png
2026-09-09 10:00:05,736 [INFO] gmail_client: Downloaded email attachment: 1a083b86c1f96e99_A4229653_09082026_210556.pdf
2026-09-09 10:00:05,856 [INFO] gmail_client: Downloaded email attachment: 1a083b86c1f96e99_ADVANCE MARBLE & GRANITE LLC.pdf
2026-09-09 10:00:06,828 [INFO] gmail_client: Downloaded email attachment: 1a080feb059c3c87_WCU  Quotation - BROKER - Quote    QQ41152139 - Pol    106793 - Type  RENEWAL - Year  2026 - Acct    AA14083242 - Doc Date  8-17-2026 - DH  596452684.pdf
2026-09-09 10:00:07,115 [INFO] gmail_client: Downloaded email attachment: 1a0808858fe7727d_Robie_-_EZLynx_Overdue_Tasks_2026-09-08T0607.xlsx
2026-09-09 10:00:07,954 [INFO] gmail_client: Downloaded email attachment: 1a07ce8390c63143_Robie_-_EZLynx_Activities_2026-09-07T1326.xlsx
2026-09-09 10:00:08,416 [INFO] gmail_client: Downloaded email attachment: 1a07ce437dbb6352_Robie_-_EZLynx_Activities_2026-09-07T1321.xlsx
2026-09-09 10:00:08,671 [INFO] gmail_client: Downloaded email attachment: 1a07ce415307a2fa_Robie_-_EZLynx_Overdue_Tasks_2026-09-07T1321.xlsx
2026-09-09 10:00:08,900 [INFO] gmail_client: Downloaded email attachment: 1a07ce110ca26f68_Robie_-_EZLynx_Overdue_Tasks_2026-09-07T1318.xlsx
2026-09-09 10:00:09,071 [INFO] gmail_client: Downloaded email attachment: 1a07cd6db0b97ceb_Robie_-_EZLynx_Activities_2026-09-07T1307.xlsx
2026-09-09 10:00:09,273 [INFO] gmail_client: Downloaded email attachment: 1a0775c756130946_RE_ [External] [RENEWAL-REQ-63] Renewal & Loss Runs Request_ ROBIE Test LLC - Pol #UB-6N448514-25-42-V (Exp_ 10_05_2026).eml
2026-09-09 10:00:09,608 [INFO] gmail_client: Downloaded email attachment: 1a06e418dd5c8cc2_CCP35165.pdf
2026-09-09 10:00:09,780 [INFO] gmail_client: Downloaded email attachment: 1a06d7ed837859ad_ClaimReport_PrintAllPages_09042026135pm.pdf
2026-09-09 10:00:10,292 [INFO] gmail_client: Downloaded email attachment: 1a06c6f6b5b7879a_WCU  Quotation - BROKER - Quote    QQ41152139 - Pol    106793 - Type  RENEWAL - Year  2026 - Acct    AA14083242 - Doc Date  8-17-2026 - DH  596452684.pdf
2026-09-09 10:00:10,431 [INFO] gmail_client: Polling inbox: hello@streetsmart.insurance for renewal replies and incoming carrier emails...
2026-09-09 10:00:11,348 [INFO] gmail_client: Downloaded email attachment: 1a08572509ae6ed9_image001.png
2026-09-09 10:00:11,621 [INFO] gmail_client: Downloaded email attachment: 1a08572509ae6ed9_INVOICE.pdf
2026-09-09 10:00:12,029 [INFO] gmail_client: Downloaded email attachment: 1a08572509ae6ed9_BINDER.pdf
2026-09-09 10:00:12,408 [INFO] gmail_client: Downloaded email attachment: 1a08572509ae6ed9_TRIA.pdf
2026-09-09 10:00:12,644 [INFO] gmail_client: Downloaded email attachment: 1a08572509ae6ed9_COE.pdf
2026-09-09 10:00:12,644 [INFO] gmail_client: Matched proactive carrier email in hello@streetsmart.insurance to Policy #ACT4034556 (Larry Gonzales)
2026-09-09 10:00:13,018 [INFO] gmail_client: Downloaded email attachment: 1a084215ef93992b_image001.jpg
2026-09-09 10:00:13,432 [INFO] gmail_client: Downloaded email attachment: 1a084215ef93992b_Attachment.pdf
2026-09-09 10:00:13,640 [INFO] gmail_client: Downloaded email attachment: 1a084215ef93992b_Attachment(1).pdf
2026-09-09 10:00:13,795 [INFO] gmail_client: Downloaded email attachment: 1a084215ef93992b_Attachment(2).pdf
2026-09-09 10:00:13,796 [INFO] gmail_client: Matched proactive carrier email in hello@streetsmart.insurance to Policy #ACT4034556 (Larry Gonzales)
2026-09-09 10:00:14,081 [INFO] gmail_client: Downloaded email attachment: 1a082e1eafb4f964_Form 5C.pdf
2026-09-09 10:00:14,230 [INFO] gmail_client: Downloaded email attachment: 1a082e1eafb4f964_CWIS-Endorsement-11-Binder-AL-ODELL LOGISTICS LLC-261435131487-2-CWH-NJ-19-S0346215-00.pdf
2026-09-09 10:00:14,459 [INFO] gmail_client: Downloaded email attachment: 1a082e1eafb4f964_CWIS-Endorsement-11-Binder-TGL-ODELL LOGISTICS LLC-261435131487-TPM6828801-00.pdf
2026-09-09 10:00:14,626 [INFO] gmail_client: Downloaded email attachment: 1a082e1eafb4f964_CWIS-Endorsement-11-Vehicle Release Form-ODELL LOGISTICS LLC-261435131487.pdf
2026-09-09 10:00:14,946 [INFO] gmail_client: Downloaded email attachment: 1a08148222708144_image001.png
2026-09-09 10:00:15,143 [INFO] gmail_client: Downloaded email attachment: 1a08148222708144_DP 2563394_RetailerBinder.pdf.pdf
2026-09-09 10:00:15,354 [INFO] gmail_client: Downloaded email attachment: 1a08148222708144_INVOICE.pdf
2026-09-09 10:00:15,515 [INFO] gmail_client: Downloaded email attachment: 1a08148222708144_Blank Affidavit - NJ.pdf
2026-09-09 10:00:15,731 [INFO] gmail_client: Downloaded email attachment: 1a08148222708144_Blank NJ Exhibit A.pdf
2026-09-09 10:00:15,732 [INFO] gmail_client: Matched proactive carrier email in hello@streetsmart.insurance to Policy #ACT4034556 (Larry Gonzales)
2026-09-09 10:00:16,054 [INFO] gmail_client: Downloaded email attachment: 1a07af1e52b112f2_image001.png
2026-09-09 10:00:16,226 [INFO] gmail_client: Downloaded email attachment: 1a07af1e52b112f2_DP 2563394_RetailerBinder.pdf.pdf
2026-09-09 10:00:16,472 [INFO] gmail_client: Downloaded email attachment: 1a07af1e52b112f2_INVOICE.pdf
2026-09-09 10:00:16,696 [INFO] gmail_client: Downloaded email attachment: 1a07af1e52b112f2_Blank Affidavit - NJ.pdf
2026-09-09 10:00:17,025 [INFO] gmail_client: Downloaded email attachment: 1a07af1e52b112f2_Blank NJ Exhibit A.pdf
2026-09-09 10:00:17,026 [INFO] gmail_client: Matched proactive carrier email in hello@streetsmart.insurance to Policy #ACT4034556 (Larry Gonzales)
2026-09-09 10:00:17,057 [INFO] policy_aliases: Aliased 0M32830 (renewal_term) → Pol #ACT4034556 (id=65)
2026-09-09 10:00:17,305 [INFO] ezlynx_api: Matched discussion by policy# 'ACT4034556': 'Flood Renewal - Neptune' (ID 708593726)
2026-09-09 10:00:17,490 [INFO] ezlynx_api: Matched discussion by policy# 'ACT4034556': 'Flood Renewal - Neptune' (ID 708593726)
2026-09-09 10:00:17,978 [INFO] ezlynx_api: Successfully authenticated with Classic EZLynx API (EZToken issued).
2026-09-09 10:00:18,784 [INFO] ezlynx_api: Successfully posted note via EZLynx REST Note API for Applicant 99340932: NoteId 1124320010 into 'Flood Renewal - Neptune'
2026-09-09 10:00:19,323 [INFO] ezlynx_document_uploader: Connecting to live Chrome over CDP at http://localhost:9222...
2026-09-09 10:00:19,699 [INFO] ezlynx_document_uploader: Connected to live Chrome via CDP successfully.
2026-09-09 10:00:19,699 [INFO] ezlynx_document_uploader: Navigating to https://app.ezlynx.com/web/account/99340932/documents for applicant 99340932...
2026-09-09 10:00:28,961 [INFO] ezlynx_document_uploader: Attached file: 1a08647fad6ddb25_image338767.png
2026-09-09 10:00:31,015 [INFO] ezlynx_document_uploader: Filled document title: ACT4034556 Renewal Offer.pdf
2026-09-09 10:00:32,327 [INFO] ezlynx_document_uploader: Linked document to policy matching: ACT4034556
2026-09-09 10:00:34,659 [INFO] ezlynx_document_uploader: Applied existing system label: Renewal Offer
2026-09-09 10:00:34,812 [INFO] ezlynx_document_uploader: Submitted document upload to EZLynx.
2026-09-09 10:00:41,036 [INFO] ezlynx_api: Successfully uploaded document via Playwright CDP for Applicant 99340932.
2026-09-09 10:00:41,061 [INFO] email_handoff: Sending immediate underwriter reply notification to daniela@streetsmart.insurance for Pol #ACT4034556
2026-09-09 10:00:41,319 [INFO] gmail_client: Email successfully sent from robie@streetsmart.insurance to daniela@streetsmart.insurance (Msg ID: 1a08678891c2ff1a)
2026-09-09 10:00:41,444 [INFO] gmail_client: Marked message 1a08647fad6ddb25 as READ.
2026-09-09 10:00:41,456 [INFO] uw_reply_filer: Skipping already-filed UW reply 1a083b86c1f96e99 for Pol #6S60UB A422965-3-25
2026-09-09 10:00:41,457 [INFO] uw_reply_filer: Skipping already-filed UW reply 1a082ea1cdf077be for Pol #FINFR17078371-94344-SSRM NTL
2026-09-09 10:00:41,458 [INFO] uw_reply_filer: Skipping already-filed UW reply 1a082ea098872fec for Pol #248394-001APD-94344-SSRM APD
2026-09-09 10:00:41,459 [INFO] uw_reply_filer: Skipping already-filed UW reply 1a082e96301431e0 for Pol #A23B8960-78760-SSRM NTL
2026-09-09 10:00:41,462 [INFO] uw_reply_filer: Skipping already-filed UW reply 1a082daab13d9673 for Pol #FINFR17078371-94344-SSRM NTL
2026-09-09 10:00:41,463 [INFO] uw_reply_filer: Skipping already-filed UW reply 1a082da98263e5b7 for Pol #A23B8960-78760-SSRM NTL
2026-09-09 10:00:41,465 [INFO] uw_reply_filer: Skipping already-filed UW reply 1a082da78d5e2400 for Pol #FINFR17078371-94344-SSRM NTL
2026-09-09 10:00:41,466 [INFO] uw_reply_filer: Skipping already-filed UW reply 1a082da57871b1fb for Pol #FINFR17078371-94344-SSRM NTL
2026-09-09 10:00:41,467 [INFO] uw_reply_filer: Skipping already-filed UW reply 1a082da3d9471f65 for Pol #248394-001APD-94344-SSRM APD
2026-09-09 10:00:41,468 [INFO] uw_reply_filer: Skipping already-filed UW reply 1a0818441f191306 for Pol #67664405
2026-09-09 10:00:41,469 [INFO] uw_reply_filer: Skipping already-filed UW reply 1a080feb059c3c87 for Pol #106793-4-25
2026-09-09 10:00:41,478 [INFO] uw_reply_filer: Skipping already-filed UW reply 1a07e763c98b936a for Pol #WPH5080304 001
2026-09-09 10:00:41,479 [INFO] uw_reply_filer: Skipping already-filed UW reply 1a07dd56907441ad for Pol #ACT4034556
2026-09-09 10:00:41,479 [INFO] uw_reply_filer: Skipping already-filed UW reply 1a07dc83ce522777 for Pol #LSP600011096
2026-09-09 10:00:41,531 [INFO] uw_reply_filer: Skipping already-filed UW reply 1a0775c756130946 for Pol #UB-6N448514-25-42-V
2026-09-09 10:00:41,532 [INFO] uw_reply_filer: Skipping already-filed UW reply 1a070ccac7e06094 for Pol #67664405
2026-09-09 10:00:41,532 [INFO] uw_reply_filer: Skipping already-filed UW reply 1a06e418dd5c8cc2 for Pol #CCP35165-01
2026-09-09 10:00:41,533 [INFO] uw_reply_filer: Skipping already-filed UW reply 1a06d7ed837859ad for Pol #106793-4-25
2026-09-09 10:00:41,534 [INFO] uw_reply_filer: Skipping already-filed UW reply 1a06d45685255eae for Pol #PWC1239278
2026-09-09 10:00:41,534 [INFO] uw_reply_filer: Skipping already-filed UW reply 1a06d39d5e1f0e53 for Pol #UB-6N448514-25-42-V
2026-09-09 10:00:41,535 [INFO] uw_reply_filer: Skipping already-filed UW reply 1a06ca7eacf13fa4 for Pol #13332766-03
2026-09-09 10:00:41,536 [INFO] uw_reply_filer: Skipping already-filed UW reply 1a06c99ccd9d2718 for Pol #268224700A
2026-09-09 10:00:41,537 [INFO] uw_reply_filer: Skipping already-filed UW reply 1a06c6f6b5b7879a for Pol #106793-4-25
2026-09-09 10:00:41,537 [INFO] uw_reply_filer: Skipping already-filed UW reply 1a06c0972cccb3e0 for Pol #UB-6N448514-25-42-V
2026-09-09 10:00:41,538 [INFO] uw_reply_filer: Skipping already-filed UW reply 1a06c07264b9cf22 for Pol #PWC1239278
2026-09-09 10:00:41,539 [INFO] uw_reply_filer: Skipping already-filed UW reply 1a08572509ae6ed9 for Pol #ACT4034556
2026-09-09 10:00:41,540 [INFO] uw_reply_filer: Skipping already-filed UW reply 1a084215ef93992b for Pol #ACT4034556
2026-09-09 10:00:41,540 [INFO] uw_reply_filer: Skipping already-filed UW reply 1a08148222708144 for Pol #ACT4034556
2026-09-09 10:00:41,541 [INFO] uw_reply_filer: Skipping already-filed UW reply 1a07af1e52b112f2 for Pol #ACT4034556
2026-09-09 10:00:41,553 [INFO] uw_reply_filer: UW reply filing complete: filed=1 skipped=36 errors=0 dry_run=False
2026-09-09 10:00:41,554 [INFO] robie_cleaner: UW reply filing from cleaner: filed=1 skipped=36 dry_run=False
2026-09-09 10:00:57,500 [INFO] robie_cleaner: Gathered 191 authentic messages for reporting.
2026-09-09 10:00:57,503 [INFO] robie_cleaner: Current time (10:00 AM America/New_York) is outside designated report hours (12, 15, 17). Mailbox cleaned and replies filed; email report suppressed.
2026-09-09 10:00:57,503 [INFO] robie_cleaner: Report delivery skipped per schedule gate (12pm, 3pm, 5pm ET).

Execution Finished: 0 noise trashed, 191 real messages found. Report sent: False
=== Robie Daily Mailbox Audit Finished at 2026-09-09_10-00-57 ===
