=== Starting Robie Daily Mailbox Audit & Cleanup at 2026-09-08_22-00-01 ===
2026-09-08 22:00:02,693 [INFO] googleapiclient.discovery_cache: file_cache is only supported with oauth2client<4.0.0
2026-09-08 22:00:03,037 [INFO] googleapiclient.discovery_cache: file_cache is only supported with oauth2client<4.0.0
2026-09-08 22:00:03,368 [INFO] googleapiclient.discovery_cache: file_cache is only supported with oauth2client<4.0.0
2026-09-08 22:00:03,781 [INFO] googleapiclient.discovery_cache: file_cache is only supported with oauth2client<4.0.0
2026-09-08 22:00:04,109 [INFO] robie_cleaner: Starting daily inbox audit for robie@streetsmart.insurance (dry_run=False)...
2026-09-08 22:00:04,435 [INFO] robie_cleaner: Found 2 messages matching noise category: Automatic Replies & Out of Office
2026-09-08 22:00:04,893 [INFO] robie_cleaner: Noise cleanup complete: 2 messages moved to trash.
2026-09-08 22:00:04,956 [INFO] gmail_client: Polling inbox: robie@streetsmart.insurance for renewal replies and incoming carrier emails...
2026-09-08 22:00:05,966 [INFO] gmail_client: Downloaded email attachment: 1a080feb059c3c87_WCU  Quotation - BROKER - Quote    QQ41152139 - Pol    106793 - Type  RENEWAL - Year  2026 - Acct    AA14083242 - Doc Date  8-17-2026 - DH  596452684.pdf
2026-09-08 22:00:06,439 [INFO] gmail_client: Downloaded email attachment: 1a0808858fe7727d_Robie_-_EZLynx_Overdue_Tasks_2026-09-08T0607.xlsx
2026-09-08 22:00:07,246 [INFO] gmail_client: Downloaded email attachment: 1a07ce8390c63143_Robie_-_EZLynx_Activities_2026-09-07T1326.xlsx
2026-09-08 22:00:07,819 [INFO] gmail_client: Downloaded email attachment: 1a07ce437dbb6352_Robie_-_EZLynx_Activities_2026-09-07T1321.xlsx
2026-09-08 22:00:08,178 [INFO] gmail_client: Downloaded email attachment: 1a07ce415307a2fa_Robie_-_EZLynx_Overdue_Tasks_2026-09-07T1321.xlsx
2026-09-08 22:00:08,398 [INFO] gmail_client: Downloaded email attachment: 1a07ce110ca26f68_Robie_-_EZLynx_Overdue_Tasks_2026-09-07T1318.xlsx
2026-09-08 22:00:08,601 [INFO] gmail_client: Downloaded email attachment: 1a07cd6db0b97ceb_Robie_-_EZLynx_Activities_2026-09-07T1307.xlsx
2026-09-08 22:00:08,811 [ERROR] gmail_client: Error downloading attachment RE: [External] [RENEWAL-REQ-63] Renewal & Loss Runs Request: ROBIE Test LLC - Pol #UB-6N448514-25-42-V (Exp: 10/05/2026).eml: [Errno 2] No such file or directory: '/opt/renewal-automation-system/data/downloads/inbox_attachments/1a0775c756130946_RE: [External] [RENEWAL-REQ-63] Renewal & Loss Runs Request: ROBIE Test LLC - Pol #UB-6N448514-25-42-V (Exp: 10/05/2026).eml'
2026-09-08 22:00:09,191 [INFO] gmail_client: Downloaded email attachment: 1a06e418dd5c8cc2_CCP35165.pdf
2026-09-08 22:00:09,396 [INFO] gmail_client: Downloaded email attachment: 1a06d7ed837859ad_ClaimReport_PrintAllPages_09042026135pm.pdf
2026-09-08 22:00:10,034 [INFO] gmail_client: Downloaded email attachment: 1a06c6f6b5b7879a_WCU  Quotation - BROKER - Quote    QQ41152139 - Pol    106793 - Type  RENEWAL - Year  2026 - Acct    AA14083242 - Doc Date  8-17-2026 - DH  596452684.pdf
2026-09-08 22:00:10,258 [INFO] gmail_client: Polling inbox: hello@streetsmart.insurance for renewal replies and incoming carrier emails...
2026-09-08 22:00:10,994 [INFO] gmail_client: Downloaded email attachment: 1a082e1eafb4f964_Form 5C.pdf
2026-09-08 22:00:11,159 [INFO] gmail_client: Downloaded email attachment: 1a082e1eafb4f964_CWIS-Endorsement-11-Binder-AL-ODELL LOGISTICS LLC-261435131487-2-CWH-NJ-19-S0346215-00.pdf
2026-09-08 22:00:11,350 [INFO] gmail_client: Downloaded email attachment: 1a082e1eafb4f964_CWIS-Endorsement-11-Binder-TGL-ODELL LOGISTICS LLC-261435131487-TPM6828801-00.pdf
2026-09-08 22:00:11,535 [INFO] gmail_client: Downloaded email attachment: 1a082e1eafb4f964_CWIS-Endorsement-11-Vehicle Release Form-ODELL LOGISTICS LLC-261435131487.pdf
2026-09-08 22:00:11,856 [INFO] gmail_client: Downloaded email attachment: 1a08148222708144_image001.png
2026-09-08 22:00:11,995 [INFO] gmail_client: Downloaded email attachment: 1a08148222708144_DP 2563394_RetailerBinder.pdf.pdf
2026-09-08 22:00:12,273 [INFO] gmail_client: Downloaded email attachment: 1a08148222708144_INVOICE.pdf
2026-09-08 22:00:12,406 [INFO] gmail_client: Downloaded email attachment: 1a08148222708144_Blank Affidavit - NJ.pdf
2026-09-08 22:00:12,673 [INFO] gmail_client: Downloaded email attachment: 1a08148222708144_Blank NJ Exhibit A.pdf
2026-09-08 22:00:12,673 [INFO] gmail_client: Matched proactive carrier email in hello@streetsmart.insurance to Policy #ACT4034556 (Larry Gonzales)
2026-09-08 22:00:12,967 [INFO] gmail_client: Downloaded email attachment: 1a07b5958ef75333_POLTRANSNOT-NJSMAR10-09-07-2026-06-10-37_(c).pdf
2026-09-08 22:00:13,277 [INFO] gmail_client: Downloaded email attachment: 1a07af1e52b112f2_image001.png
2026-09-08 22:00:13,401 [INFO] gmail_client: Downloaded email attachment: 1a07af1e52b112f2_DP 2563394_RetailerBinder.pdf.pdf
2026-09-08 22:00:13,559 [INFO] gmail_client: Downloaded email attachment: 1a07af1e52b112f2_INVOICE.pdf
2026-09-08 22:00:13,711 [INFO] gmail_client: Downloaded email attachment: 1a07af1e52b112f2_Blank Affidavit - NJ.pdf
2026-09-08 22:00:14,038 [INFO] gmail_client: Downloaded email attachment: 1a07af1e52b112f2_Blank NJ Exhibit A.pdf
2026-09-08 22:00:14,039 [INFO] gmail_client: Matched proactive carrier email in hello@streetsmart.insurance to Policy #ACT4034556 (Larry Gonzales)
2026-09-08 22:00:14,335 [INFO] gmail_client: Downloaded email attachment: 1a07aa15d49c5cb9_Policy29115152937909.Zip
2026-09-08 22:00:15,077 [INFO] gmail_client: Downloaded email attachment: 1a078fee8dc2315b_HAUL AZZ LLC-Policy-DSLA1000836-00.pdf.pdf
2026-09-08 22:00:15,079 [INFO] gmail_client: Matched proactive carrier email in hello@streetsmart.insurance to Policy #ACT4034556 (Larry Gonzales)
2026-09-08 22:00:15,542 [INFO] gmail_client: Downloaded email attachment: 1a07810d2f75fea6_HAUL AZZ LLC-Binder-DSLA1000836-00.pdf.pdf
2026-09-08 22:00:15,543 [INFO] gmail_client: Matched proactive carrier email in hello@streetsmart.insurance to Policy #ACT4034556 (Larry Gonzales)
2026-09-08 22:00:15,575 [INFO] policy_aliases: Aliased FINFR17078371-94344-SSRM (renewal_term) → Pol #FINFR17078371-94344-SSRM NTL (id=26)
2026-09-08 22:00:15,589 [INFO] policy_aliases: Aliased 2024.png (renewal_term) → Pol #FINFR17078371-94344-SSRM NTL (id=26)
2026-09-08 22:00:15,605 [INFO] policy_aliases: Aliased 1C1CHBF_enUS1041US1041 (renewal_term) → Pol #FINFR17078371-94344-SSRM NTL (id=26)
2026-09-08 22:00:15,617 [INFO] policy_aliases: Aliased 0x8868b358c946aab3 (renewal_term) → Pol #FINFR17078371-94344-SSRM NTL (id=26)
2026-09-08 22:00:15,630 [INFO] policy_aliases: Aliased 0xa97a85bdcc7788d (renewal_term) → Pol #FINFR17078371-94344-SSRM NTL (id=26)
2026-09-08 22:00:15,887 [INFO] ezlynx_api: Matched discussion by policy# 'FINFR17078371-94344-SSRM NTL': 'Manual Policy Change Verification' (ID 834451444)
2026-09-08 22:00:16,160 [INFO] ezlynx_api: Matched discussion by policy# 'FINFR17078371-94344-SSRM NTL': 'Manual Policy Change Verification' (ID 834451444)
2026-09-08 22:00:16,708 [INFO] ezlynx_api: Successfully authenticated with Classic EZLynx API (EZToken issued).
2026-09-08 22:00:18,372 [INFO] ezlynx_api: Successfully posted note via EZLynx REST Note API for Applicant 84705043: NoteId 1123919973 into 'Manual Policy Change Verification'
2026-09-08 22:00:18,415 [INFO] email_handoff: Sending immediate underwriter reply notification to maria@streetsmart.insurance for Pol #FINFR17078371-94344-SSRM NTL
2026-09-08 22:00:18,704 [INFO] gmail_client: Email successfully sent from robie@streetsmart.insurance to maria@streetsmart.insurance (Msg ID: 1a0830946617fb40)
2026-09-08 22:00:19,222 [INFO] ezlynx_api: Successfully authenticated with Classic EZLynx API (EZToken issued).
2026-09-08 22:00:19,985 [INFO] ezlynx_api: Successfully posted note via EZLynx REST Note API for Applicant 84705043: NoteId 1123919991 into 'Email sent by Robie'
2026-09-08 22:00:19,987 [INFO] gmail_client: ✅ [EZLynx Sync] Saved outbound email to applicant 84705043 discussion 'Email sent by Robie'. Result: {'status': 'success', 'method': 'api', 'applicant_id': '84705043', 'discussion_title': 'Email sent by Robie', 'note_id': 1123919991, 'text': 'Policy: #FINFR17078371-94344-SSRM NTL (Commercial - Direct)\nOutbound Email Sent by Robie | Date: 2026-09-08 22:00:18\n\nDetails:\n- To: maria@streetsmart.insurance\n- Subject: [URGENT / CSR ACTION] Carrier Response Received: Marek PKS Transportation Inc - Pol #FINFR17078371-94344-SSRM NTL\n- Message ID: 1a0830946617fb40\n\nBody:\nHi Bara, Maria,\n\nAn underwriter response has just been received regarding upcoming renewal terms:\n\n• Named Insured: Marek PKS Transportation Inc\n• Policy Number: FINFR17078371-94344-SSRM NTL\n• Carrier: Trinity Underwriters\n• Expiration Date: 2026-10-16\n• Underwriter Sender: Loss Runs <lossruns@trinityunderwriters.net>\n• Status / Classification: INFO_REQUESTED\n• Summary: Underwriter requested additional information: loss runs\n• Underwriter Message:\n  "Ticket Reassignment Notification This email is to notify you that this ticket has been moved to another agent. The ticket is now assigned to lossruns@trinityunderwriters.net. Please reply to this email if you have any questions or concerns. From: robie@streetsmart.insurance Date: Mon, 07 Sep 2026 21:30:37 UTC Hello; We hope you are well! Second follow-up regarding the upcoming renewal for Marek PKS Transportation Inc (Pol #FINFR17078371-94344-SSRM NTL) expiring on 10/16/2026 (39 days remaining). At your earliest convenience please forward the upcoming renewal and loss runs for our file. Should you have any questions please feel free to email me back."\n• EZLynx Activity: https://app.ezlynx.com/web/account/84705043/activity\n\n✅ The note has been logged directly to the EZLynx discussion card via REST API (Note ID: 1123919973).\n\nBest,\nRobie\nStreetSmart Insurance Autonomous System\n\nROBIE was here\n\nRobie was here', 'data': {'ApplicantId': 84705043, 'NoteId': 1123919991}}
2026-09-08 22:00:20,161 [INFO] gmail_client: Marked message 1a082ea1cdf077be as READ.
2026-09-08 22:00:20,187 [INFO] policy_aliases: Aliased 248394-001APD-94344-SSRM (renewal_term) → Pol #248394-001APD-94344-SSRM APD (id=25)
2026-09-08 22:00:20,189 [INFO] policy_aliases: Not aliasing 2024.png onto policy 25: already bound to policy 26
2026-09-08 22:00:20,190 [INFO] policy_aliases: Not aliasing 1C1CHBF_enUS1041US1041 onto policy 25: already bound to policy 26
2026-09-08 22:00:20,191 [INFO] policy_aliases: Not aliasing 0x8868b358c946aab3 onto policy 25: already bound to policy 26
2026-09-08 22:00:20,192 [INFO] policy_aliases: Not aliasing 0xa97a85bdcc7788d onto policy 25: already bound to policy 26
2026-09-08 22:00:20,417 [INFO] ezlynx_api: Matched discussion by policy# '248394-001APD-94344-SSRM APD': 'Manual Policy Change Verification' (ID 833597759)
2026-09-08 22:00:20,655 [INFO] ezlynx_api: Matched discussion by policy# '248394-001APD-94344-SSRM APD': 'Manual Policy Change Verification' (ID 833597759)
2026-09-08 22:00:21,454 [INFO] ezlynx_api: Successfully posted note via EZLynx REST Note API for Applicant 84705043: NoteId 1123920001 into 'Manual Policy Change Verification'
2026-09-08 22:00:21,455 [INFO] email_handoff: Sending immediate underwriter reply notification to maria@streetsmart.insurance for Pol #248394-001APD-94344-SSRM APD
2026-09-08 22:00:21,649 [INFO] gmail_client: Email successfully sent from robie@streetsmart.insurance to maria@streetsmart.insurance (Msg ID: 1a08309533a5c549)
2026-09-08 22:00:22,188 [INFO] ezlynx_api: Successfully authenticated with Classic EZLynx API (EZToken issued).
2026-09-08 22:00:23,176 [INFO] ezlynx_api: Successfully posted note via EZLynx REST Note API for Applicant 84705043: NoteId 1123920018 into 'Email sent by Robie'
2026-09-08 22:00:23,178 [INFO] gmail_client: ✅ [EZLynx Sync] Saved outbound email to applicant 84705043 discussion 'Email sent by Robie'. Result: {'status': 'success', 'method': 'api', 'applicant_id': '84705043', 'discussion_title': 'Email sent by Robie', 'note_id': 1123920018, 'text': 'Policy: #248394-001APD-94344-SSRM APD (Commercial - Direct)\nOutbound Email Sent by Robie | Date: 2026-09-08 22:00:21\n\nDetails:\n- To: maria@streetsmart.insurance\n- Subject: [URGENT / CSR ACTION] Carrier Response Received: Marek PKS Transportation Inc - Pol #248394-001APD-94344-SSRM APD\n- Message ID: 1a08309533a5c549\n\nBody:\nHi Bara, Maria,\n\nAn underwriter response has just been received regarding upcoming renewal terms:\n\n• Named Insured: Marek PKS Transportation Inc\n• Policy Number: 248394-001APD-94344-SSRM APD\n• Carrier: Trinity Underwriters\n• Expiration Date: 2026-10-16\n• Underwriter Sender: Loss Runs <lossruns@trinityunderwriters.net>\n• Status / Classification: INFO_REQUESTED\n• Summary: Underwriter requested additional information: loss runs\n• Underwriter Message:\n  "Ticket Reassignment Notification This email is to notify you that this ticket has been moved to another agent. The ticket is now assigned to lossruns@trinityunderwriters.net. Please reply to this email if you have any questions or concerns. From: robie@streetsmart.insurance Date: Mon, 07 Sep 2026 21:30:38 UTC Hello; We hope you are well! Second follow-up regarding the upcoming renewal for Marek PKS Transportation Inc (Pol #248394-001APD-94344-SSRM APD) expiring on 10/16/2026 (39 days remaining). At your earliest convenience please forward the upcoming renewal and loss runs for our file. Should you have any questions please feel free to email me back."\n• EZLynx Activity: https://app.ezlynx.com/web/account/84705043/activity\n\n✅ The note has been logged directly to the EZLynx discussion card via REST API (Note ID: 1123920001).\n\nBest,\nRobie\nStreetSmart Insurance Autonomous System\n\nROBIE was here\n\nRobie was here', 'data': {'ApplicantId': 84705043, 'NoteId': 1123920018}}
2026-09-08 22:00:23,345 [INFO] gmail_client: Marked message 1a082ea098872fec as READ.
2026-09-08 22:00:23,367 [INFO] policy_aliases: Aliased A23B8960-78760-SSRM (renewal_term) → Pol #A23B8960-78760-SSRM NTL (id=31)
2026-09-08 22:00:23,369 [INFO] policy_aliases: Not aliasing 2024.png onto policy 31: already bound to policy 26
2026-09-08 22:00:23,370 [INFO] policy_aliases: Not aliasing 1C1CHBF_enUS1041US1041 onto policy 31: already bound to policy 26
2026-09-08 22:00:23,371 [INFO] policy_aliases: Not aliasing 0x8868b358c946aab3 onto policy 31: already bound to policy 26
2026-09-08 22:00:23,372 [INFO] policy_aliases: Not aliasing 0xa97a85bdcc7788d onto policy 31: already bound to policy 26
2026-09-08 22:00:23,609 [INFO] ezlynx_api: Matched discussion by policy# 'A23B8960-78760-SSRM NTL': 'Commercial Auto Manual Renewal' (ID 821138570)
2026-09-08 22:00:23,868 [INFO] ezlynx_api: Matched discussion by policy# 'A23B8960-78760-SSRM NTL': 'Commercial Auto Manual Renewal' (ID 821138570)
2026-09-08 22:00:24,629 [INFO] ezlynx_api: Successfully posted note via EZLynx REST Note API for Applicant 145217363: NoteId 1123920030 into 'Commercial Auto Manual Renewal'
2026-09-08 22:00:24,631 [INFO] email_handoff: Sending immediate underwriter reply notification to maria@streetsmart.insurance for Pol #A23B8960-78760-SSRM NTL
2026-09-08 22:00:24,814 [INFO] gmail_client: Email successfully sent from robie@streetsmart.insurance to maria@streetsmart.insurance (Msg ID: 1a083095f3385d96)
2026-09-08 22:00:25,326 [INFO] ezlynx_api: Successfully authenticated with Classic EZLynx API (EZToken issued).
2026-09-08 22:00:26,122 [INFO] ezlynx_api: Successfully posted note via EZLynx REST Note API for Applicant 145217363: NoteId 1123920040 into 'Email sent by Robie'
2026-09-08 22:00:26,124 [INFO] gmail_client: ✅ [EZLynx Sync] Saved outbound email to applicant 145217363 discussion 'Email sent by Robie'. Result: {'status': 'success', 'method': 'api', 'applicant_id': '145217363', 'discussion_title': 'Email sent by Robie', 'note_id': 1123920040, 'text': 'Policy: #A23B8960-78760-SSRM NTL (Commercial - Direct)\nOutbound Email Sent by Robie | Date: 2026-09-08 22:00:24\n\nDetails:\n- To: maria@streetsmart.insurance\n- Subject: [URGENT / CSR ACTION] Carrier Response Received: Edwin Lema - Pol #A23B8960-78760-SSRM NTL\n- Message ID: 1a083095f3385d96\n\nBody:\nHi Bara, Maria,\n\nAn underwriter response has just been received regarding upcoming renewal terms:\n\n• Named Insured: Edwin Lema\n• Policy Number: A23B8960-78760-SSRM NTL\n• Carrier: Trinity Underwriters\n• Expiration Date: 2026-10-05\n• Underwriter Sender: Loss Runs <lossruns@trinityunderwriters.net>\n• Status / Classification: INFO_REQUESTED\n• Summary: Underwriter requested additional information: loss runs\n• Underwriter Message:\n  "Ticket Reassignment Notification This email is to notify you that this ticket has been moved to another agent. The ticket is now assigned to lossruns@trinityunderwriters.net. Please reply to this email if you have any questions or concerns. From: robie@streetsmart.insurance Date: Mon, 07 Sep 2026 21:30:38 UTC Hello; We hope you are well! Second follow-up regarding the upcoming renewal for Edwin Lema (Pol #A23B8960-78760-SSRM NTL) expiring on 10/05/2026 (28 days remaining). At your earliest convenience please forward the upcoming renewal and loss runs for our file. Should you have any questions please feel free to email me back."\n• EZLynx Activity: https://app.ezlynx.com/web/account/145217363/activity\n\n✅ The note has been logged directly to the EZLynx discussion card via REST API (Note ID: 1123920030).\n\nBest,\nRobie\nStreetSmart Insurance Autonomous System\n\nROBIE was here\n\nRobie was here', 'data': {'ApplicantId': 145217363, 'NoteId': 1123920040}}
2026-09-08 22:00:26,245 [INFO] gmail_client: Marked message 1a082e96301431e0 as READ.
2026-09-08 22:00:26,260 [INFO] policy_aliases: Not aliasing 25FIT10B01-MTC-94423-SSRM onto policy 26: already bound to policy 47
2026-09-08 22:00:26,520 [INFO] ezlynx_api: Matched discussion by policy# 'FINFR17078371-94344-SSRM NTL': 'Marek PKS LLC | FINFR17078371-94344-SSRM NTL' (ID 832207974)
2026-09-08 22:00:26,753 [INFO] ezlynx_api: Matched discussion by policy# 'FINFR17078371-94344-SSRM NTL': 'Marek PKS LLC | FINFR17078371-94344-SSRM NTL' (ID 832207974)
2026-09-08 22:00:27,526 [INFO] ezlynx_api: Successfully posted note via EZLynx REST Note API for Applicant 84705043: NoteId 1123920049 into 'Marek PKS LLC | FINFR17078371-94344-SSRM NTL'
2026-09-08 22:00:27,528 [INFO] email_handoff: Sending immediate underwriter reply notification to maria@streetsmart.insurance for Pol #FINFR17078371-94344-SSRM NTL
2026-09-08 22:00:27,727 [INFO] gmail_client: Email successfully sent from robie@streetsmart.insurance to maria@streetsmart.insurance (Msg ID: 1a083096aa0c0044)
2026-09-08 22:00:28,257 [INFO] ezlynx_api: Successfully authenticated with Classic EZLynx API (EZToken issued).
2026-09-08 22:00:29,043 [INFO] ezlynx_api: Successfully posted note via EZLynx REST Note API for Applicant 84705043: NoteId 1123920059 into 'Email sent by Robie'
2026-09-08 22:00:29,045 [INFO] gmail_client: ✅ [EZLynx Sync] Saved outbound email to applicant 84705043 discussion 'Email sent by Robie'. Result: {'status': 'success', 'method': 'api', 'applicant_id': '84705043', 'discussion_title': 'Email sent by Robie', 'note_id': 1123920059, 'text': 'Policy: #FINFR17078371-94344-SSRM NTL (Commercial - Direct)\nOutbound Email Sent by Robie | Date: 2026-09-08 22:00:27\n\nDetails:\n- To: maria@streetsmart.insurance\n- Subject: [URGENT / CSR ACTION] Carrier Response Received: Marek PKS Transportation Inc - Pol #FINFR17078371-94344-SSRM NTL\n- Message ID: 1a083096aa0c0044\n\nBody:\nHi Bara, Maria,\n\nAn underwriter response has just been received regarding upcoming renewal terms:\n\n• Named Insured: Marek PKS Transportation Inc\n• Policy Number: FINFR17078371-94344-SSRM NTL\n• Carrier: Trinity Underwriters\n• Expiration Date: 2026-10-16\n• Underwriter Sender: Loss Runs <lossruns@trinityunderwriters.net>\n• Status / Classification: INFO_REQUESTED\n• Summary: Underwriter requested additional information: loss runs\n• Underwriter Message:\n  "Ticket Reassignment Notification This email is to notify you that this ticket has been moved to another agent. The ticket is now assigned to lossruns@trinityunderwriters.net. Please reply to this email if you have any questions or concerns. From: robie@streetsmart.insurance Date: Thu, 03 Sep 2026 00:20:41 UTC Hello; We hope you are well! At your earliest convenience please forward the upcoming renewal and loss runs for our file. • Named Insured: PEPPEP N SON\'S TRUCKING LLC • Policy Number: 25FIT10B01-MTC-94423-SSRM • Carrier: Trinity Underwriters • Line of Business: Auto (Commercial) • Expiration Date: 10/16/2026 • Expiring Term Premium: $1,250.00 Should you have any questions please feel free to email me back."\n• EZLynx Activity: https://app.ezlynx.com/web/account/84705043/activity\n\n✅ The note has been logged directly to the EZLynx discussion card via REST API (Note ID: 1123920049).\n\nBest,\nRobie\nStreetSmart Insurance Autonomous System\n\nROBIE was here\n\nRobie was here', 'data': {'ApplicantId': 84705043, 'NoteId': 1123920059}}
2026-09-08 22:00:29,163 [INFO] gmail_client: Marked message 1a082daab13d9673 as READ.
2026-09-08 22:00:29,170 [INFO] policy_aliases: Not aliasing 2024.png onto policy 31: already bound to policy 26
2026-09-08 22:00:29,171 [INFO] policy_aliases: Not aliasing 1C1CHBF_enUS1041US1041 onto policy 31: already bound to policy 26
2026-09-08 22:00:29,172 [INFO] policy_aliases: Not aliasing 0x8868b358c946aab3 onto policy 31: already bound to policy 26
2026-09-08 22:00:29,173 [INFO] policy_aliases: Not aliasing 0xa97a85bdcc7788d onto policy 31: already bound to policy 26
2026-09-08 22:00:29,392 [INFO] ezlynx_api: Matched discussion by policy# 'A23B8960-78760-SSRM NTL': 'Commercial Auto Manual Renewal' (ID 821138570)
2026-09-08 22:00:29,587 [INFO] ezlynx_api: Matched discussion by policy# 'A23B8960-78760-SSRM NTL': 'Commercial Auto Manual Renewal' (ID 821138570)
2026-09-08 22:00:30,765 [INFO] ezlynx_api: Successfully posted note via EZLynx REST Note API for Applicant 145217363: NoteId 1123920077 into 'Commercial Auto Manual Renewal'
2026-09-08 22:00:30,768 [INFO] email_handoff: Sending immediate underwriter reply notification to maria@streetsmart.insurance for Pol #A23B8960-78760-SSRM NTL
2026-09-08 22:00:30,949 [INFO] gmail_client: Email successfully sent from robie@streetsmart.insurance to maria@streetsmart.insurance (Msg ID: 1a083097672220ee)
2026-09-08 22:00:31,479 [INFO] ezlynx_api: Successfully authenticated with Classic EZLynx API (EZToken issued).
2026-09-08 22:00:32,297 [INFO] ezlynx_api: Successfully posted note via EZLynx REST Note API for Applicant 145217363: NoteId 1123920093 into 'Email sent by Robie'
2026-09-08 22:00:32,300 [INFO] gmail_client: ✅ [EZLynx Sync] Saved outbound email to applicant 145217363 discussion 'Email sent by Robie'. Result: {'status': 'success', 'method': 'api', 'applicant_id': '145217363', 'discussion_title': 'Email sent by Robie', 'note_id': 1123920093, 'text': 'Policy: #A23B8960-78760-SSRM NTL (Commercial - Direct)\nOutbound Email Sent by Robie | Date: 2026-09-08 22:00:30\n\nDetails:\n- To: maria@streetsmart.insurance\n- Subject: [URGENT / CSR ACTION] Carrier Response Received: Edwin Lema - Pol #A23B8960-78760-SSRM NTL\n- Message ID: 1a083097672220ee\n\nBody:\nHi Bara, Maria,\n\nAn underwriter response has just been received regarding upcoming renewal terms:\n\n• Named Insured: Edwin Lema\n• Policy Number: A23B8960-78760-SSRM NTL\n• Carrier: Trinity Underwriters\n• Expiration Date: 2026-10-05\n• Underwriter Sender: Loss Runs <lossruns@trinityunderwriters.net>\n• Status / Classification: INFO_REQUESTED\n• Summary: Underwriter requested additional information: loss runs\n• Underwriter Message:\n  "Ticket Reassignment Notification This email is to notify you that this ticket has been moved to another agent. The ticket is now assigned to lossruns@trinityunderwriters.net. Please reply to this email if you have any questions or concerns. From: robie@streetsmart.insurance Date: Thu, 03 Sep 2026 00:20:41 UTC Hello; We hope you are well! At your earliest convenience please forward the upcoming renewal and loss runs for our file. • Named Insured: Edwin Lema • Policy Number: A23B8960-78760-SSRM NTL • Carrier: Trinity Underwriters • Line of Business: Auto (Commercial) • Expiration Date: 10/05/2026 • Expiring Term Premium: $480.00 Should you have any questions please feel free to email me back."\n• EZLynx Activity: https://app.ezlynx.com/web/account/145217363/activity\n\n✅ The note has been logged directly to the EZLynx discussion card via REST API (Note ID: 1123920077).\n\nBest,\nRobie\nStreetSmart Insurance Autonomous System\n\nROBIE was here\n\nRobie was here', 'data': {'ApplicantId': 145217363, 'NoteId': 1123920093}}
2026-09-08 22:00:32,434 [INFO] gmail_client: Marked message 1a082da98263e5b7 as READ.
2026-09-08 22:00:32,442 [INFO] policy_aliases: Not aliasing CM92CT01-APD-94423-SSRM onto policy 26: already bound to policy 48
2026-09-08 22:00:32,700 [INFO] ezlynx_api: Matched discussion by policy# 'FINFR17078371-94344-SSRM NTL': 'Marek PKS LLC | FINFR17078371-94344-SSRM NTL' (ID 832207974)
2026-09-08 22:00:33,109 [INFO] ezlynx_api: Matched discussion by policy# 'FINFR17078371-94344-SSRM NTL': 'Marek PKS LLC | FINFR17078371-94344-SSRM NTL' (ID 832207974)
2026-09-08 22:00:34,039 [INFO] ezlynx_api: Successfully posted note via EZLynx REST Note API for Applicant 84705043: NoteId 1123920104 into 'Marek PKS LLC | FINFR17078371-94344-SSRM NTL'
2026-09-08 22:00:34,040 [INFO] email_handoff: Sending immediate underwriter reply notification to maria@streetsmart.insurance for Pol #FINFR17078371-94344-SSRM NTL
2026-09-08 22:00:34,199 [INFO] gmail_client: Email successfully sent from robie@streetsmart.insurance to maria@streetsmart.insurance (Msg ID: 1a0830985d342fd2)
2026-09-08 22:00:34,719 [INFO] ezlynx_api: Successfully authenticated with Classic EZLynx API (EZToken issued).
2026-09-08 22:00:35,619 [INFO] ezlynx_api: Successfully posted note via EZLynx REST Note API for Applicant 84705043: NoteId 1123920122 into 'Email sent by Robie'
2026-09-08 22:00:35,621 [INFO] gmail_client: ✅ [EZLynx Sync] Saved outbound email to applicant 84705043 discussion 'Email sent by Robie'. Result: {'status': 'success', 'method': 'api', 'applicant_id': '84705043', 'discussion_title': 'Email sent by Robie', 'note_id': 1123920122, 'text': 'Policy: #FINFR17078371-94344-SSRM NTL (Commercial - Direct)\nOutbound Email Sent by Robie | Date: 2026-09-08 22:00:34\n\nDetails:\n- To: maria@streetsmart.insurance\n- Subject: [URGENT / CSR ACTION] Carrier Response Received: Marek PKS Transportation Inc - Pol #FINFR17078371-94344-SSRM NTL\n- Message ID: 1a0830985d342fd2\n\nBody:\nHi Bara, Maria,\n\nAn underwriter response has just been received regarding upcoming renewal terms:\n\n• Named Insured: Marek PKS Transportation Inc\n• Policy Number: FINFR17078371-94344-SSRM NTL\n• Carrier: Trinity Underwriters\n• Expiration Date: 2026-10-16\n• Underwriter Sender: Loss Runs <lossruns@trinityunderwriters.net>\n• Status / Classification: INFO_REQUESTED\n• Summary: Underwriter requested additional information: loss runs\n• Underwriter Message:\n  "Ticket Reassignment Notification This email is to notify you that this ticket has been moved to another agent. The ticket is now assigned to lossruns@trinityunderwriters.net. Please reply to this email if you have any questions or concerns. From: robie@streetsmart.insurance Date: Thu, 03 Sep 2026 00:20:42 UTC Hello; We hope you are well! At your earliest convenience please forward the upcoming renewal and loss runs for our file. • Named Insured: PEPPEP N SON\'S TRUCKING LLC • Policy Number: CM92CT01-APD-94423-SSRM • Carrier: Trinity Underwriters • Line of Business: Auto (Commercial) • Expiration Date: 10/16/2026 • Expiring Term Premium: $1,306.25 Should you have any questions please feel free to email me back."\n• EZLynx Activity: https://app.ezlynx.com/web/account/84705043/activity\n\n✅ The note has been logged directly to the EZLynx discussion card via REST API (Note ID: 1123920104).\n\nBest,\nRobie\nStreetSmart Insurance Autonomous System\n\nROBIE was here\n\nRobie was here', 'data': {'ApplicantId': 84705043, 'NoteId': 1123920122}}
2026-09-08 22:00:35,740 [INFO] gmail_client: Marked message 1a082da78d5e2400 as READ.
2026-09-08 22:00:36,194 [INFO] ezlynx_api: Matched discussion by policy# 'FINFR17078371-94344-SSRM NTL': 'Marek PKS LLC | FINFR17078371-94344-SSRM NTL' (ID 832207974)
2026-09-08 22:00:36,513 [INFO] ezlynx_api: Matched discussion by policy# 'FINFR17078371-94344-SSRM NTL': 'Marek PKS LLC | FINFR17078371-94344-SSRM NTL' (ID 832207974)
2026-09-08 22:00:37,548 [INFO] ezlynx_api: Successfully posted note via EZLynx REST Note API for Applicant 84705043: NoteId 1123920136 into 'Marek PKS LLC | FINFR17078371-94344-SSRM NTL'
2026-09-08 22:00:37,551 [INFO] email_handoff: Sending immediate underwriter reply notification to maria@streetsmart.insurance for Pol #FINFR17078371-94344-SSRM NTL
2026-09-08 22:00:37,711 [INFO] gmail_client: Email successfully sent from robie@streetsmart.insurance to maria@streetsmart.insurance (Msg ID: 1a0830993d7d9cc5)
2026-09-08 22:00:38,234 [INFO] ezlynx_api: Successfully authenticated with Classic EZLynx API (EZToken issued).
2026-09-08 22:00:39,154 [INFO] ezlynx_api: Successfully posted note via EZLynx REST Note API for Applicant 84705043: NoteId 1123920142 into 'Email sent by Robie'
2026-09-08 22:00:39,155 [INFO] gmail_client: ✅ [EZLynx Sync] Saved outbound email to applicant 84705043 discussion 'Email sent by Robie'. Result: {'status': 'success', 'method': 'api', 'applicant_id': '84705043', 'discussion_title': 'Email sent by Robie', 'note_id': 1123920142, 'text': 'Policy: #FINFR17078371-94344-SSRM NTL (Commercial - Direct)\nOutbound Email Sent by Robie | Date: 2026-09-08 22:00:37\n\nDetails:\n- To: maria@streetsmart.insurance\n- Subject: [URGENT / CSR ACTION] Carrier Response Received: Marek PKS Transportation Inc - Pol #FINFR17078371-94344-SSRM NTL\n- Message ID: 1a0830993d7d9cc5\n\nBody:\nHi Bara, Maria,\n\nAn underwriter response has just been received regarding upcoming renewal terms:\n\n• Named Insured: Marek PKS Transportation Inc\n• Policy Number: FINFR17078371-94344-SSRM NTL\n• Carrier: Trinity Underwriters\n• Expiration Date: 2026-10-16\n• Underwriter Sender: Loss Runs <lossruns@trinityunderwriters.net>\n• Status / Classification: INFO_REQUESTED\n• Summary: Underwriter requested additional information: loss runs\n• Underwriter Message:\n  "Ticket Reassignment Notification This email is to notify you that this ticket has been moved to another agent. The ticket is now assigned to lossruns@trinityunderwriters.net. Please reply to this email if you have any questions or concerns. From: robie@streetsmart.insurance Date: Thu, 03 Sep 2026 00:20:48 UTC Hello; We hope you are well! At your earliest convenience please forward the upcoming renewal and loss runs for our file. • Named Insured: Marek PKS Transportation Inc • Policy Number: FINFR17078371-94344-SSRM NTL • Carrier: Trinity Underwriters • Line of Business: Auto (Commercial) • Expiration Date: 10/16/2026 • Expiring Term Premium: $750.00 Should you have any questions please feel free to email me back."\n• EZLynx Activity: https://app.ezlynx.com/web/account/84705043/activity\n\n✅ The note has been logged directly to the EZLynx discussion card via REST API (Note ID: 1123920136).\n\nBest,\nRobie\nStreetSmart Insurance Autonomous System\n\nROBIE was here\n\nRobie was here', 'data': {'ApplicantId': 84705043, 'NoteId': 1123920142}}
2026-09-08 22:00:39,294 [INFO] gmail_client: Marked message 1a082da57871b1fb as READ.
2026-09-08 22:00:39,300 [INFO] policy_aliases: Not aliasing 2024.png onto policy 25: already bound to policy 26
2026-09-08 22:00:39,302 [INFO] policy_aliases: Not aliasing 1C1CHBF_enUS1041US1041 onto policy 25: already bound to policy 26
2026-09-08 22:00:39,303 [INFO] policy_aliases: Not aliasing 0x8868b358c946aab3 onto policy 25: already bound to policy 26
2026-09-08 22:00:39,304 [INFO] policy_aliases: Not aliasing 0xa97a85bdcc7788d onto policy 25: already bound to policy 26
2026-09-08 22:00:39,560 [INFO] ezlynx_api: Matched discussion by policy# '248394-001APD-94344-SSRM APD': 'Manual Policy Change Verification' (ID 833597759)
2026-09-08 22:00:39,784 [INFO] ezlynx_api: Matched discussion by policy# '248394-001APD-94344-SSRM APD': 'Manual Policy Change Verification' (ID 833597759)
2026-09-08 22:00:40,582 [INFO] ezlynx_api: Successfully posted note via EZLynx REST Note API for Applicant 84705043: NoteId 1123920154 into 'Manual Policy Change Verification'
2026-09-08 22:00:40,585 [INFO] email_handoff: Sending immediate underwriter reply notification to maria@streetsmart.insurance for Pol #248394-001APD-94344-SSRM APD
2026-09-08 22:00:40,894 [INFO] gmail_client: Email successfully sent from robie@streetsmart.insurance to maria@streetsmart.insurance (Msg ID: 1a083099f36c321d)
2026-09-08 22:00:41,426 [INFO] ezlynx_api: Successfully authenticated with Classic EZLynx API (EZToken issued).
2026-09-08 22:00:42,195 [INFO] ezlynx_api: Successfully posted note via EZLynx REST Note API for Applicant 84705043: NoteId 1123920163 into 'Email sent by Robie'
2026-09-08 22:00:42,196 [INFO] gmail_client: ✅ [EZLynx Sync] Saved outbound email to applicant 84705043 discussion 'Email sent by Robie'. Result: {'status': 'success', 'method': 'api', 'applicant_id': '84705043', 'discussion_title': 'Email sent by Robie', 'note_id': 1123920163, 'text': 'Policy: #248394-001APD-94344-SSRM APD (Commercial - Direct)\nOutbound Email Sent by Robie | Date: 2026-09-08 22:00:40\n\nDetails:\n- To: maria@streetsmart.insurance\n- Subject: [URGENT / CSR ACTION] Carrier Response Received: Marek PKS Transportation Inc - Pol #248394-001APD-94344-SSRM APD\n- Message ID: 1a083099f36c321d\n\nBody:\nHi Bara, Maria,\n\nAn underwriter response has just been received regarding upcoming renewal terms:\n\n• Named Insured: Marek PKS Transportation Inc\n• Policy Number: 248394-001APD-94344-SSRM APD\n• Carrier: Trinity Underwriters\n• Expiration Date: 2026-10-16\n• Underwriter Sender: Loss Runs <lossruns@trinityunderwriters.net>\n• Status / Classification: INFO_REQUESTED\n• Summary: Underwriter requested additional information: loss runs\n• Underwriter Message:\n  "Ticket Reassignment Notification This email is to notify you that this ticket has been moved to another agent. The ticket is now assigned to lossruns@trinityunderwriters.net. Please reply to this email if you have any questions or concerns. From: robie@streetsmart.insurance Date: Thu, 03 Sep 2026 00:20:49 UTC Hello; We hope you are well! At your earliest convenience please forward the upcoming renewal and loss runs for our file. • Named Insured: Marek PKS Transportation Inc • Policy Number: 248394-001APD-94344-SSRM APD • Carrier: Trinity Underwriters • Line of Business: Auto (Commercial) • Expiration Date: 10/16/2026 • Expiring Term Premium: $750.00 Should you have any questions please feel free to email me back."\n• EZLynx Activity: https://app.ezlynx.com/web/account/84705043/activity\n\n✅ The note has been logged directly to the EZLynx discussion card via REST API (Note ID: 1123920154).\n\nBest,\nRobie\nStreetSmart Insurance Autonomous System\n\nROBIE was here\n\nRobie was here', 'data': {'ApplicantId': 84705043, 'NoteId': 1123920163}}
2026-09-08 22:00:42,317 [INFO] gmail_client: Marked message 1a082da3d9471f65 as READ.
2026-09-08 22:00:42,320 [INFO] uw_reply_filer: Skipping already-filed UW reply 1a0818441f191306 for Pol #67664405
2026-09-08 22:00:42,322 [INFO] uw_reply_filer: Skipping already-filed UW reply 1a080feb059c3c87 for Pol #106793-4-25
2026-09-08 22:00:42,363 [INFO] uw_reply_filer: Skipping already-filed UW reply 1a07e763c98b936a for Pol #WPH5080304 001
2026-09-08 22:00:42,366 [INFO] uw_reply_filer: Skipping already-filed UW reply 1a07dd56907441ad for Pol #ACT4034556
2026-09-08 22:00:42,368 [INFO] uw_reply_filer: Skipping already-filed UW reply 1a07dc83ce522777 for Pol #LSP600011096
2026-09-08 22:00:42,523 [INFO] uw_reply_filer: Skipping already-filed UW reply 1a0775c756130946 for Pol #UB-6N448514-25-42-V
2026-09-08 22:00:42,525 [INFO] uw_reply_filer: Skipping already-filed UW reply 1a070ccac7e06094 for Pol #67664405
2026-09-08 22:00:42,526 [INFO] uw_reply_filer: Skipping already-filed UW reply 1a06e418dd5c8cc2 for Pol #CCP35165-01
2026-09-08 22:00:42,528 [INFO] uw_reply_filer: Skipping already-filed UW reply 1a06d7ed837859ad for Pol #106793-4-25
2026-09-08 22:00:42,529 [INFO] uw_reply_filer: Skipping already-filed UW reply 1a06d45685255eae for Pol #PWC1239278
2026-09-08 22:00:42,530 [INFO] uw_reply_filer: Skipping already-filed UW reply 1a06d39d5e1f0e53 for Pol #UB-6N448514-25-42-V
2026-09-08 22:00:42,532 [INFO] uw_reply_filer: Skipping already-filed UW reply 1a06ca7eacf13fa4 for Pol #13332766-03
2026-09-08 22:00:42,533 [INFO] uw_reply_filer: Skipping already-filed UW reply 1a06c99ccd9d2718 for Pol #268224700A
2026-09-08 22:00:42,535 [INFO] uw_reply_filer: Skipping already-filed UW reply 1a06c6f6b5b7879a for Pol #106793-4-25
2026-09-08 22:00:42,536 [INFO] uw_reply_filer: Skipping already-filed UW reply 1a06c0972cccb3e0 for Pol #UB-6N448514-25-42-V
2026-09-08 22:00:42,537 [INFO] uw_reply_filer: Skipping already-filed UW reply 1a06c07264b9cf22 for Pol #PWC1239278
2026-09-08 22:00:42,539 [INFO] uw_reply_filer: Skipping already-filed UW reply 1a08148222708144 for Pol #ACT4034556
2026-09-08 22:00:42,540 [INFO] uw_reply_filer: Skipping already-filed UW reply 1a07af1e52b112f2 for Pol #ACT4034556
2026-09-08 22:00:42,541 [INFO] uw_reply_filer: Skipping already-filed UW reply 1a078fee8dc2315b for Pol #ACT4034556
2026-09-08 22:00:42,542 [INFO] uw_reply_filer: Skipping already-filed UW reply 1a07810d2f75fea6 for Pol #ACT4034556
2026-09-08 22:00:42,557 [INFO] uw_reply_filer: UW reply filing complete: filed=8 skipped=26 errors=0 dry_run=False
2026-09-08 22:00:42,558 [INFO] robie_cleaner: UW reply filing from cleaner: filed=8 skipped=26 dry_run=False
2026-09-08 22:00:56,852 [INFO] robie_cleaner: Gathered 181 authentic messages for reporting.
2026-09-08 22:00:56,855 [INFO] robie_cleaner: Current time (06:00 PM America/New_York) is outside designated report hours (12, 15, 17). Mailbox cleaned and replies filed; email report suppressed.
2026-09-08 22:00:56,855 [INFO] robie_cleaner: Report delivery skipped per schedule gate (12pm, 3pm, 5pm ET).

Execution Finished: 2 noise trashed, 181 real messages found. Report sent: False
=== Robie Daily Mailbox Audit Finished at 2026-09-08_22-00-57 ===
