=== Starting Robie Daily Mailbox Audit & Cleanup at 2026-09-09_09-00-01 ===
2026-09-09 09:00:02,118 [INFO] googleapiclient.discovery_cache: file_cache is only supported with oauth2client<4.0.0
2026-09-09 09:00:02,415 [INFO] googleapiclient.discovery_cache: file_cache is only supported with oauth2client<4.0.0
2026-09-09 09:00:02,693 [INFO] googleapiclient.discovery_cache: file_cache is only supported with oauth2client<4.0.0
2026-09-09 09:00:03,190 [INFO] googleapiclient.discovery_cache: file_cache is only supported with oauth2client<4.0.0
2026-09-09 09:00:03,442 [INFO] robie_cleaner: Starting daily inbox audit for robie@streetsmart.insurance (dry_run=False)...
2026-09-09 09:00:03,803 [INFO] robie_cleaner: Noise cleanup complete: 0 messages moved to trash.
2026-09-09 09:00:03,806 [WARNING] robie_cleaner: UW reply filing skipped (cleaner continues; replies are not trashed): (sqlite3.OperationalError) attempt to write a readonly database
[SQL: PRAGMA main.table_info("policy_renewals")]
(Background on this error at: https://sqlalche.me/e/20/e3q8)
2026-09-09 09:00:16,965 [INFO] robie_cleaner: Gathered 183 authentic messages for reporting.
2026-09-09 09:00:16,965 [WARNING] robie_cleaner: Error querying carrier actions from db: attempt to write a readonly database
2026-09-09 09:00:16,968 [INFO] robie_cleaner: Current time (05:00 AM America/New_York) is outside designated report hours (12, 15, 17). Mailbox cleaned and replies filed; email report suppressed.
2026-09-09 09:00:16,969 [INFO] robie_cleaner: Report delivery skipped per schedule gate (12pm, 3pm, 5pm ET).

Execution Finished: 0 noise trashed, 183 real messages found. Report sent: False
=== Robie Daily Mailbox Audit Finished at 2026-09-09_09-00-17 ===
=== Starting Robie Daily Mailbox Audit & Cleanup at 2026-09-09_09-00-01 ===
2026-09-09 09:00:03,139 [INFO] googleapiclient.discovery_cache: file_cache is only supported with oauth2client<4.0.0
2026-09-09 09:00:03,494 [INFO] googleapiclient.discovery_cache: file_cache is only supported with oauth2client<4.0.0
2026-09-09 09:00:03,776 [INFO] googleapiclient.discovery_cache: file_cache is only supported with oauth2client<4.0.0
2026-09-09 09:00:04,108 [INFO] googleapiclient.discovery_cache: file_cache is only supported with oauth2client<4.0.0
2026-09-09 09:00:04,397 [INFO] robie_cleaner: Starting daily inbox audit for robie@streetsmart.insurance (dry_run=False)...
2026-09-09 09:00:04,477 [INFO] robie_cleaner: Found 1 messages matching noise category: Mailer-Daemon Bounces
2026-09-09 09:00:04,971 [INFO] robie_cleaner: Noise cleanup complete: 1 messages moved to trash.
2026-09-09 09:00:05,084 [INFO] gmail_client: Polling inbox: robie@streetsmart.insurance for renewal replies and incoming carrier emails...
2026-09-09 09:00:05,755 [INFO] gmail_client: Downloaded email attachment: 1a085ad6ba41e2c8_Robie_-_EZLynx_Activities_2026-09-09T0605.xlsx
2026-09-09 09:00:06,009 [INFO] gmail_client: Downloaded email attachment: 1a083b86c1f96e99_image001.png
2026-09-09 09:00:06,146 [INFO] gmail_client: Downloaded email attachment: 1a083b86c1f96e99_image002.png
2026-09-09 09:00:06,396 [INFO] gmail_client: Downloaded email attachment: 1a083b86c1f96e99_A4229653_09082026_210556.pdf
2026-09-09 09:00:06,517 [INFO] gmail_client: Downloaded email attachment: 1a083b86c1f96e99_ADVANCE MARBLE & GRANITE LLC.pdf
2026-09-09 09:00:07,516 [INFO] gmail_client: Downloaded email attachment: 1a080feb059c3c87_WCU  Quotation - BROKER - Quote    QQ41152139 - Pol    106793 - Type  RENEWAL - Year  2026 - Acct    AA14083242 - Doc Date  8-17-2026 - DH  596452684.pdf
2026-09-09 09:00:07,942 [INFO] gmail_client: Downloaded email attachment: 1a0808858fe7727d_Robie_-_EZLynx_Overdue_Tasks_2026-09-08T0607.xlsx
2026-09-09 09:00:08,816 [INFO] gmail_client: Downloaded email attachment: 1a07ce8390c63143_Robie_-_EZLynx_Activities_2026-09-07T1326.xlsx
2026-09-09 09:00:09,374 [INFO] gmail_client: Downloaded email attachment: 1a07ce437dbb6352_Robie_-_EZLynx_Activities_2026-09-07T1321.xlsx
2026-09-09 09:00:09,651 [INFO] gmail_client: Downloaded email attachment: 1a07ce415307a2fa_Robie_-_EZLynx_Overdue_Tasks_2026-09-07T1321.xlsx
2026-09-09 09:00:09,847 [INFO] gmail_client: Downloaded email attachment: 1a07ce110ca26f68_Robie_-_EZLynx_Overdue_Tasks_2026-09-07T1318.xlsx
2026-09-09 09:00:10,044 [INFO] gmail_client: Downloaded email attachment: 1a07cd6db0b97ceb_Robie_-_EZLynx_Activities_2026-09-07T1307.xlsx
2026-09-09 09:00:10,212 [INFO] gmail_client: Downloaded email attachment: 1a0775c756130946_RE_ [External] [RENEWAL-REQ-63] Renewal & Loss Runs Request_ ROBIE Test LLC - Pol #UB-6N448514-25-42-V (Exp_ 10_05_2026).eml
2026-09-09 09:00:10,492 [INFO] gmail_client: Downloaded email attachment: 1a06e418dd5c8cc2_CCP35165.pdf
2026-09-09 09:00:10,719 [INFO] gmail_client: Downloaded email attachment: 1a06d7ed837859ad_ClaimReport_PrintAllPages_09042026135pm.pdf
2026-09-09 09:00:11,196 [INFO] gmail_client: Downloaded email attachment: 1a06c6f6b5b7879a_WCU  Quotation - BROKER - Quote    QQ41152139 - Pol    106793 - Type  RENEWAL - Year  2026 - Acct    AA14083242 - Doc Date  8-17-2026 - DH  596452684.pdf
2026-09-09 09:00:11,384 [INFO] gmail_client: Polling inbox: hello@streetsmart.insurance for renewal replies and incoming carrier emails...
2026-09-09 09:00:12,086 [INFO] gmail_client: Downloaded email attachment: 1a08572509ae6ed9_image001.png
2026-09-09 09:00:12,247 [INFO] gmail_client: Downloaded email attachment: 1a08572509ae6ed9_INVOICE.pdf
2026-09-09 09:00:12,611 [INFO] gmail_client: Downloaded email attachment: 1a08572509ae6ed9_BINDER.pdf
2026-09-09 09:00:13,077 [INFO] gmail_client: Downloaded email attachment: 1a08572509ae6ed9_TRIA.pdf
2026-09-09 09:00:13,487 [INFO] gmail_client: Downloaded email attachment: 1a08572509ae6ed9_COE.pdf
2026-09-09 09:00:13,488 [INFO] gmail_client: Matched proactive carrier email in hello@streetsmart.insurance to Policy #ACT4034556 (Larry Gonzales)
2026-09-09 09:00:13,914 [INFO] gmail_client: Downloaded email attachment: 1a084215ef93992b_image001.jpg
2026-09-09 09:00:14,303 [INFO] gmail_client: Downloaded email attachment: 1a084215ef93992b_Attachment.pdf
2026-09-09 09:00:14,466 [INFO] gmail_client: Downloaded email attachment: 1a084215ef93992b_Attachment(1).pdf
2026-09-09 09:00:14,639 [INFO] gmail_client: Downloaded email attachment: 1a084215ef93992b_Attachment(2).pdf
2026-09-09 09:00:14,640 [INFO] gmail_client: Matched proactive carrier email in hello@streetsmart.insurance to Policy #ACT4034556 (Larry Gonzales)
2026-09-09 09:00:14,922 [INFO] gmail_client: Downloaded email attachment: 1a082e1eafb4f964_Form 5C.pdf
2026-09-09 09:00:15,077 [INFO] gmail_client: Downloaded email attachment: 1a082e1eafb4f964_CWIS-Endorsement-11-Binder-AL-ODELL LOGISTICS LLC-261435131487-2-CWH-NJ-19-S0346215-00.pdf
2026-09-09 09:00:15,327 [INFO] gmail_client: Downloaded email attachment: 1a082e1eafb4f964_CWIS-Endorsement-11-Binder-TGL-ODELL LOGISTICS LLC-261435131487-TPM6828801-00.pdf
2026-09-09 09:00:15,555 [INFO] gmail_client: Downloaded email attachment: 1a082e1eafb4f964_CWIS-Endorsement-11-Vehicle Release Form-ODELL LOGISTICS LLC-261435131487.pdf
2026-09-09 09:00:15,816 [INFO] gmail_client: Downloaded email attachment: 1a08148222708144_image001.png
2026-09-09 09:00:16,147 [INFO] gmail_client: Downloaded email attachment: 1a08148222708144_DP 2563394_RetailerBinder.pdf.pdf
2026-09-09 09:00:16,372 [INFO] gmail_client: Downloaded email attachment: 1a08148222708144_INVOICE.pdf
2026-09-09 09:00:16,606 [INFO] gmail_client: Downloaded email attachment: 1a08148222708144_Blank Affidavit - NJ.pdf
2026-09-09 09:00:16,756 [INFO] gmail_client: Downloaded email attachment: 1a08148222708144_Blank NJ Exhibit A.pdf
2026-09-09 09:00:16,757 [INFO] gmail_client: Matched proactive carrier email in hello@streetsmart.insurance to Policy #ACT4034556 (Larry Gonzales)
2026-09-09 09:00:17,138 [INFO] gmail_client: Downloaded email attachment: 1a07af1e52b112f2_image001.png
2026-09-09 09:00:17,312 [INFO] gmail_client: Downloaded email attachment: 1a07af1e52b112f2_DP 2563394_RetailerBinder.pdf.pdf
2026-09-09 09:00:17,632 [INFO] gmail_client: Downloaded email attachment: 1a07af1e52b112f2_INVOICE.pdf
2026-09-09 09:00:17,815 [INFO] gmail_client: Downloaded email attachment: 1a07af1e52b112f2_Blank Affidavit - NJ.pdf
2026-09-09 09:00:18,144 [INFO] gmail_client: Downloaded email attachment: 1a07af1e52b112f2_Blank NJ Exhibit A.pdf
2026-09-09 09:00:18,145 [INFO] gmail_client: Matched proactive carrier email in hello@streetsmart.insurance to Policy #ACT4034556 (Larry Gonzales)
2026-09-09 09:00:18,169 [INFO] uw_reply_filer: Skipping already-filed UW reply 1a083b86c1f96e99 for Pol #6S60UB A422965-3-25
2026-09-09 09:00:18,172 [INFO] uw_reply_filer: Skipping already-filed UW reply 1a082ea1cdf077be for Pol #FINFR17078371-94344-SSRM NTL
2026-09-09 09:00:18,174 [INFO] uw_reply_filer: Skipping already-filed UW reply 1a082ea098872fec for Pol #248394-001APD-94344-SSRM APD
2026-09-09 09:00:18,176 [INFO] uw_reply_filer: Skipping already-filed UW reply 1a082e96301431e0 for Pol #A23B8960-78760-SSRM NTL
2026-09-09 09:00:18,186 [INFO] uw_reply_filer: Skipping already-filed UW reply 1a082daab13d9673 for Pol #FINFR17078371-94344-SSRM NTL
2026-09-09 09:00:18,187 [INFO] uw_reply_filer: Skipping already-filed UW reply 1a082da98263e5b7 for Pol #A23B8960-78760-SSRM NTL
2026-09-09 09:00:18,190 [INFO] uw_reply_filer: Skipping already-filed UW reply 1a082da78d5e2400 for Pol #FINFR17078371-94344-SSRM NTL
2026-09-09 09:00:18,191 [INFO] uw_reply_filer: Skipping already-filed UW reply 1a082da57871b1fb for Pol #FINFR17078371-94344-SSRM NTL
2026-09-09 09:00:18,192 [INFO] uw_reply_filer: Skipping already-filed UW reply 1a082da3d9471f65 for Pol #248394-001APD-94344-SSRM APD
2026-09-09 09:00:18,193 [INFO] uw_reply_filer: Skipping already-filed UW reply 1a0818441f191306 for Pol #67664405
2026-09-09 09:00:18,194 [INFO] uw_reply_filer: Skipping already-filed UW reply 1a080feb059c3c87 for Pol #106793-4-25
2026-09-09 09:00:18,213 [INFO] uw_reply_filer: Skipping already-filed UW reply 1a07e763c98b936a for Pol #WPH5080304 001
2026-09-09 09:00:18,214 [INFO] uw_reply_filer: Skipping already-filed UW reply 1a07dd56907441ad for Pol #ACT4034556
2026-09-09 09:00:18,216 [INFO] uw_reply_filer: Skipping already-filed UW reply 1a07dc83ce522777 for Pol #LSP600011096
2026-09-09 09:00:18,265 [INFO] uw_reply_filer: Skipping already-filed UW reply 1a0775c756130946 for Pol #UB-6N448514-25-42-V
2026-09-09 09:00:18,267 [INFO] uw_reply_filer: Skipping already-filed UW reply 1a070ccac7e06094 for Pol #67664405
2026-09-09 09:00:18,268 [INFO] uw_reply_filer: Skipping already-filed UW reply 1a06e418dd5c8cc2 for Pol #CCP35165-01
2026-09-09 09:00:18,269 [INFO] uw_reply_filer: Skipping already-filed UW reply 1a06d7ed837859ad for Pol #106793-4-25
2026-09-09 09:00:18,270 [INFO] uw_reply_filer: Skipping already-filed UW reply 1a06d45685255eae for Pol #PWC1239278
2026-09-09 09:00:18,271 [INFO] uw_reply_filer: Skipping already-filed UW reply 1a06d39d5e1f0e53 for Pol #UB-6N448514-25-42-V
2026-09-09 09:00:18,272 [INFO] uw_reply_filer: Skipping already-filed UW reply 1a06ca7eacf13fa4 for Pol #13332766-03
2026-09-09 09:00:18,273 [INFO] uw_reply_filer: Skipping already-filed UW reply 1a06c99ccd9d2718 for Pol #268224700A
2026-09-09 09:00:18,274 [INFO] uw_reply_filer: Skipping already-filed UW reply 1a06c6f6b5b7879a for Pol #106793-4-25
2026-09-09 09:00:18,275 [INFO] uw_reply_filer: Skipping already-filed UW reply 1a06c0972cccb3e0 for Pol #UB-6N448514-25-42-V
2026-09-09 09:00:18,276 [INFO] uw_reply_filer: Skipping already-filed UW reply 1a06c07264b9cf22 for Pol #PWC1239278
2026-09-09 09:00:18,277 [INFO] uw_reply_filer: Skipping already-filed UW reply 1a08572509ae6ed9 for Pol #ACT4034556
2026-09-09 09:00:18,278 [INFO] uw_reply_filer: Skipping already-filed UW reply 1a084215ef93992b for Pol #ACT4034556
2026-09-09 09:00:18,278 [INFO] uw_reply_filer: Skipping already-filed UW reply 1a08148222708144 for Pol #ACT4034556
2026-09-09 09:00:18,279 [INFO] uw_reply_filer: Skipping already-filed UW reply 1a07af1e52b112f2 for Pol #ACT4034556
2026-09-09 09:00:18,280 [INFO] uw_reply_filer: UW reply filing complete: filed=0 skipped=36 errors=0 dry_run=False
2026-09-09 09:00:18,281 [INFO] robie_cleaner: UW reply filing from cleaner: filed=0 skipped=36 dry_run=False
2026-09-09 09:00:34,306 [INFO] robie_cleaner: Gathered 191 authentic messages for reporting.
2026-09-09 09:00:34,311 [INFO] robie_cleaner: Current time (09:00 AM America/New_York) is outside designated report hours (12, 15, 17). Mailbox cleaned and replies filed; email report suppressed.
2026-09-09 09:00:34,311 [INFO] robie_cleaner: Report delivery skipped per schedule gate (12pm, 3pm, 5pm ET).

Execution Finished: 1 noise trashed, 191 real messages found. Report sent: False
=== Robie Daily Mailbox Audit Finished at 2026-09-09_09-00-35 ===
