=== Starting Robie Daily Mailbox Audit & Cleanup at 2026-09-08_21-00-01 ===
2026-09-08 21:00:03,453 [INFO] googleapiclient.discovery_cache: file_cache is only supported with oauth2client<4.0.0
2026-09-08 21:00:03,863 [INFO] googleapiclient.discovery_cache: file_cache is only supported with oauth2client<4.0.0
2026-09-08 21:00:04,254 [INFO] googleapiclient.discovery_cache: file_cache is only supported with oauth2client<4.0.0
2026-09-08 21:00:04,649 [INFO] googleapiclient.discovery_cache: file_cache is only supported with oauth2client<4.0.0
2026-09-08 21:00:04,908 [INFO] robie_cleaner: Starting daily inbox audit for robie@streetsmart.insurance (dry_run=False)...
2026-09-08 21:00:05,346 [INFO] robie_cleaner: Noise cleanup complete: 0 messages moved to trash.
2026-09-08 21:00:05,439 [INFO] gmail_client: Polling inbox: robie@streetsmart.insurance for renewal replies and incoming carrier emails...
2026-09-08 21:00:06,059 [INFO] gmail_client: Downloaded email attachment: 1a080feb059c3c87_WCU  Quotation - BROKER - Quote    QQ41152139 - Pol    106793 - Type  RENEWAL - Year  2026 - Acct    AA14083242 - Doc Date  8-17-2026 - DH  596452684.pdf
2026-09-08 21:00:06,491 [INFO] gmail_client: Downloaded email attachment: 1a0808858fe7727d_Robie_-_EZLynx_Overdue_Tasks_2026-09-08T0607.xlsx
2026-09-08 21:00:07,351 [INFO] gmail_client: Downloaded email attachment: 1a07ce8390c63143_Robie_-_EZLynx_Activities_2026-09-07T1326.xlsx
2026-09-08 21:00:07,799 [INFO] gmail_client: Downloaded email attachment: 1a07ce437dbb6352_Robie_-_EZLynx_Activities_2026-09-07T1321.xlsx
2026-09-08 21:00:08,044 [INFO] gmail_client: Downloaded email attachment: 1a07ce415307a2fa_Robie_-_EZLynx_Overdue_Tasks_2026-09-07T1321.xlsx
2026-09-08 21:00:08,239 [INFO] gmail_client: Downloaded email attachment: 1a07ce110ca26f68_Robie_-_EZLynx_Overdue_Tasks_2026-09-07T1318.xlsx
2026-09-08 21:00:08,433 [INFO] gmail_client: Downloaded email attachment: 1a07cd6db0b97ceb_Robie_-_EZLynx_Activities_2026-09-07T1307.xlsx
2026-09-08 21:00:08,676 [ERROR] gmail_client: Error downloading attachment RE: [External] [RENEWAL-REQ-63] Renewal & Loss Runs Request: ROBIE Test LLC - Pol #UB-6N448514-25-42-V (Exp: 10/05/2026).eml: [Errno 2] No such file or directory: '/opt/renewal-automation-system/data/downloads/inbox_attachments/1a0775c756130946_RE: [External] [RENEWAL-REQ-63] Renewal & Loss Runs Request: ROBIE Test LLC - Pol #UB-6N448514-25-42-V (Exp: 10/05/2026).eml'
2026-09-08 21:00:09,099 [INFO] gmail_client: Downloaded email attachment: 1a06e418dd5c8cc2_CCP35165.pdf
2026-09-08 21:00:09,324 [INFO] gmail_client: Downloaded email attachment: 1a06d7ed837859ad_ClaimReport_PrintAllPages_09042026135pm.pdf
2026-09-08 21:00:09,920 [INFO] gmail_client: Downloaded email attachment: 1a06c6f6b5b7879a_WCU  Quotation - BROKER - Quote    QQ41152139 - Pol    106793 - Type  RENEWAL - Year  2026 - Acct    AA14083242 - Doc Date  8-17-2026 - DH  596452684.pdf
2026-09-08 21:00:10,044 [INFO] gmail_client: Polling inbox: hello@streetsmart.insurance for renewal replies and incoming carrier emails...
2026-09-08 21:00:10,810 [INFO] gmail_client: Downloaded email attachment: 1a08148222708144_image001.png
2026-09-08 21:00:11,051 [INFO] gmail_client: Downloaded email attachment: 1a08148222708144_DP 2563394_RetailerBinder.pdf.pdf
2026-09-08 21:00:11,232 [INFO] gmail_client: Downloaded email attachment: 1a08148222708144_INVOICE.pdf
2026-09-08 21:00:11,426 [INFO] gmail_client: Downloaded email attachment: 1a08148222708144_Blank Affidavit - NJ.pdf
2026-09-08 21:00:11,650 [INFO] gmail_client: Downloaded email attachment: 1a08148222708144_Blank NJ Exhibit A.pdf
2026-09-08 21:00:11,651 [INFO] gmail_client: Matched proactive carrier email in hello@streetsmart.insurance to Policy #ACT4034556 (Larry Gonzales)
2026-09-08 21:00:12,007 [INFO] gmail_client: Downloaded email attachment: 1a07b5958ef75333_POLTRANSNOT-NJSMAR10-09-07-2026-06-10-37_(c).pdf
2026-09-08 21:00:12,376 [INFO] gmail_client: Downloaded email attachment: 1a07af1e52b112f2_image001.png
2026-09-08 21:00:12,535 [INFO] gmail_client: Downloaded email attachment: 1a07af1e52b112f2_DP 2563394_RetailerBinder.pdf.pdf
2026-09-08 21:00:12,720 [INFO] gmail_client: Downloaded email attachment: 1a07af1e52b112f2_INVOICE.pdf
2026-09-08 21:00:12,865 [INFO] gmail_client: Downloaded email attachment: 1a07af1e52b112f2_Blank Affidavit - NJ.pdf
2026-09-08 21:00:13,224 [INFO] gmail_client: Downloaded email attachment: 1a07af1e52b112f2_Blank NJ Exhibit A.pdf
2026-09-08 21:00:13,225 [INFO] gmail_client: Matched proactive carrier email in hello@streetsmart.insurance to Policy #ACT4034556 (Larry Gonzales)
2026-09-08 21:00:13,750 [INFO] gmail_client: Downloaded email attachment: 1a07aa15d49c5cb9_Policy29115152937909.Zip
2026-09-08 21:00:14,958 [INFO] gmail_client: Downloaded email attachment: 1a078fee8dc2315b_HAUL AZZ LLC-Policy-DSLA1000836-00.pdf.pdf
2026-09-08 21:00:14,960 [INFO] gmail_client: Matched proactive carrier email in hello@streetsmart.insurance to Policy #ACT4034556 (Larry Gonzales)
2026-09-08 21:00:15,470 [INFO] gmail_client: Downloaded email attachment: 1a07810d2f75fea6_HAUL AZZ LLC-Binder-DSLA1000836-00.pdf.pdf
2026-09-08 21:00:15,471 [INFO] gmail_client: Matched proactive carrier email in hello@streetsmart.insurance to Policy #ACT4034556 (Larry Gonzales)
2026-09-08 21:00:15,482 [INFO] uw_reply_filer: Skipping already-filed UW reply 1a0818441f191306 for Pol #67664405
2026-09-08 21:00:15,484 [INFO] uw_reply_filer: Skipping already-filed UW reply 1a080feb059c3c87 for Pol #106793-4-25
2026-09-08 21:00:15,557 [INFO] uw_reply_filer: Skipping already-filed UW reply 1a07e763c98b936a for Pol #WPH5080304 001
2026-09-08 21:00:15,558 [INFO] uw_reply_filer: Skipping already-filed UW reply 1a07dd56907441ad for Pol #ACT4034556
2026-09-08 21:00:15,560 [INFO] uw_reply_filer: Skipping already-filed UW reply 1a07dc83ce522777 for Pol #LSP600011096
2026-09-08 21:00:15,784 [INFO] uw_reply_filer: Skipping already-filed UW reply 1a0775c756130946 for Pol #UB-6N448514-25-42-V
2026-09-08 21:00:15,786 [INFO] uw_reply_filer: Skipping already-filed UW reply 1a070ccac7e06094 for Pol #67664405
2026-09-08 21:00:15,788 [INFO] uw_reply_filer: Skipping already-filed UW reply 1a06e418dd5c8cc2 for Pol #CCP35165-01
2026-09-08 21:00:15,790 [INFO] uw_reply_filer: Skipping already-filed UW reply 1a06d7ed837859ad for Pol #106793-4-25
2026-09-08 21:00:15,792 [INFO] uw_reply_filer: Skipping already-filed UW reply 1a06d45685255eae for Pol #PWC1239278
2026-09-08 21:00:15,794 [INFO] uw_reply_filer: Skipping already-filed UW reply 1a06d39d5e1f0e53 for Pol #UB-6N448514-25-42-V
2026-09-08 21:00:15,796 [INFO] uw_reply_filer: Skipping already-filed UW reply 1a06ca7eacf13fa4 for Pol #13332766-03
2026-09-08 21:00:15,798 [INFO] uw_reply_filer: Skipping already-filed UW reply 1a06c99ccd9d2718 for Pol #268224700A
2026-09-08 21:00:15,800 [INFO] uw_reply_filer: Skipping already-filed UW reply 1a06c6f6b5b7879a for Pol #106793-4-25
2026-09-08 21:00:15,802 [INFO] uw_reply_filer: Skipping already-filed UW reply 1a06c0972cccb3e0 for Pol #UB-6N448514-25-42-V
2026-09-08 21:00:15,804 [INFO] uw_reply_filer: Skipping already-filed UW reply 1a06c07264b9cf22 for Pol #PWC1239278
2026-09-08 21:00:15,806 [INFO] uw_reply_filer: Skipping already-filed UW reply 1a08148222708144 for Pol #ACT4034556
2026-09-08 21:00:15,808 [INFO] uw_reply_filer: Skipping already-filed UW reply 1a07af1e52b112f2 for Pol #ACT4034556
2026-09-08 21:00:15,810 [INFO] uw_reply_filer: Skipping already-filed UW reply 1a078fee8dc2315b for Pol #ACT4034556
2026-09-08 21:00:15,812 [INFO] uw_reply_filer: Skipping already-filed UW reply 1a07810d2f75fea6 for Pol #ACT4034556
2026-09-08 21:00:15,814 [INFO] uw_reply_filer: UW reply filing complete: filed=0 skipped=26 errors=0 dry_run=False
2026-09-08 21:00:15,814 [INFO] robie_cleaner: UW reply filing from cleaner: filed=0 skipped=26 dry_run=False
2026-09-08 21:00:29,450 [INFO] robie_cleaner: Gathered 176 authentic messages for reporting.
2026-09-08 21:00:30,309 [INFO] gmail_client: Email successfully sent from robie@streetsmart.insurance to carlo@streetsmart.insurance (Msg ID: 1a082d2857787fe1)
2026-09-08 21:00:30,633 [INFO] ezlynx_api: Successfully authenticated with Modern EZLynx OAuth2 Gateway. Scopes: ['DiscussionApi', 'EzLynxApi', 'openid', 'PolicyApi'] (DocumentApi active: False)
2026-09-08 21:00:30,773 [INFO] gmail_client: [EZLynx Sync] Outbound email to carlo@streetsmart.insurance ('Robie Daily Mailbox Audit & Cleanup Report - September 08, 2026 (176 active, 0 purged)') not linked to an applicant file. Skipping note filing.
2026-09-08 21:00:30,773 [INFO] robie_cleaner: Successfully dispatched daily audit report to carlo@streetsmart.insurance (ID: 1a082d2857787fe1)

Execution Finished: 0 noise trashed, 176 real messages found. Report sent: True
=== Robie Daily Mailbox Audit Finished at 2026-09-08_21-00-31 ===
