=== Starting Robie Mailbox Cleanup (quiet, no Carlo email) & Cleanup at 2026-09-06_15-20-01 ===
2026-09-06 15:20:02,624 [INFO] googleapiclient.discovery_cache: file_cache is only supported with oauth2client<4.0.0
2026-09-06 15:20:02,978 [INFO] googleapiclient.discovery_cache: file_cache is only supported with oauth2client<4.0.0
2026-09-06 15:20:03,283 [INFO] googleapiclient.discovery_cache: file_cache is only supported with oauth2client<4.0.0
2026-09-06 15:20:03,674 [INFO] googleapiclient.discovery_cache: file_cache is only supported with oauth2client<4.0.0
2026-09-06 15:20:03,992 [INFO] robie_cleaner: Starting daily inbox audit for robie@streetsmart.insurance (dry_run=False)...
2026-09-06 15:20:04,303 [INFO] robie_cleaner: Noise cleanup complete: 0 messages moved to trash.
2026-09-06 15:20:04,363 [INFO] gmail_client: Polling inbox: robie@streetsmart.insurance for renewal replies and incoming carrier emails...
2026-09-06 15:20:04,814 [INFO] gmail_client: Downloaded email attachment: 1a06e418dd5c8cc2_CCP35165.pdf
2026-09-06 15:20:05,163 [INFO] gmail_client: Downloaded email attachment: 1a06d7ed837859ad_ClaimReport_PrintAllPages_09042026135pm.pdf
2026-09-06 15:20:05,683 [INFO] gmail_client: Downloaded email attachment: 1a06c6f6b5b7879a_WCU  Quotation - BROKER - Quote    QQ41152139 - Pol    106793 - Type  RENEWAL - Year  2026 - Acct    AA14083242 - Doc Date  8-17-2026 - DH  596452684.pdf
2026-09-06 15:20:05,954 [INFO] gmail_client: Polling inbox: hello@streetsmart.insurance for renewal replies and incoming carrier emails...
2026-09-06 15:20:06,300 [INFO] uw_reply_filer: Skipping already-filed UW reply 1a070ccac7e06094 for Pol #67664405
2026-09-06 15:20:06,307 [INFO] uw_reply_filer: Skipping already-filed UW reply 1a06e418dd5c8cc2 for Pol #CCP35165-01
2026-09-06 15:20:06,312 [INFO] uw_reply_filer: Skipping already-filed UW reply 1a06e1922727d73b for Pol #106793-4-25
2026-09-06 15:20:06,314 [INFO] uw_reply_filer: Skipping already-filed UW reply 1a06d7ed837859ad for Pol #106793-4-25
2026-09-06 15:20:06,315 [INFO] uw_reply_filer: Skipping already-filed UW reply 1a06d45685255eae for Pol #PWC1239278
2026-09-06 15:20:06,319 [INFO] uw_reply_filer: Skipping already-filed UW reply 1a06d39d5e1f0e53 for Pol #UB-6N448514-25-42-V
2026-09-06 15:20:06,320 [INFO] uw_reply_filer: Skipping already-filed UW reply 1a06ca7eacf13fa4 for Pol #13332766-03
2026-09-06 15:20:06,322 [INFO] uw_reply_filer: Skipping already-filed UW reply 1a06c99ccd9d2718 for Pol #268224700A
2026-09-06 15:20:06,324 [INFO] uw_reply_filer: Skipping already-filed UW reply 1a06c6f6b5b7879a for Pol #106793-4-25
2026-09-06 15:20:06,325 [INFO] uw_reply_filer: Skipping already-filed UW reply 1a06c0972cccb3e0 for Pol #UB-6N448514-25-42-V
2026-09-06 15:20:06,327 [INFO] uw_reply_filer: Skipping already-filed UW reply 1a06c07264b9cf22 for Pol #PWC1239278
2026-09-06 15:20:06,328 [INFO] uw_reply_filer: UW reply filing complete: filed=0 skipped=11 errors=0 dry_run=False
2026-09-06 15:20:06,328 [INFO] robie_cleaner: UW reply filing from cleaner: filed=0 skipped=11 dry_run=False
2026-09-06 15:20:18,098 [INFO] robie_cleaner: Gathered 166 authentic messages for reporting.
2026-09-06 15:20:18,101 [INFO] robie_cleaner: Dry run enabled or no recipient; skipped emailing report.

Execution Finished: 2 noise trashed, 166 real messages found. Report sent: False
=== Robie Daily Mailbox Audit Finished at 2026-09-06_15-20-18 ===
