=== Starting Robie Daily Mailbox Audit & Cleanup at 2026-09-09_19-00-01 ===
2026-09-09 19:00:02,628 [INFO] googleapiclient.discovery_cache: file_cache is only supported with oauth2client<4.0.0
2026-09-09 19:00:02,914 [INFO] googleapiclient.discovery_cache: file_cache is only supported with oauth2client<4.0.0
2026-09-09 19:00:03,182 [INFO] googleapiclient.discovery_cache: file_cache is only supported with oauth2client<4.0.0
2026-09-09 19:00:03,458 [INFO] googleapiclient.discovery_cache: file_cache is only supported with oauth2client<4.0.0
2026-09-09 19:00:03,787 [INFO] robie_cleaner: Starting daily inbox audit for robie@streetsmart.insurance (dry_run=False)...
2026-09-09 19:00:04,132 [INFO] robie_cleaner: Noise cleanup complete: 0 messages moved to trash.
2026-09-09 19:00:04,172 [INFO] gmail_client: Polling inbox: robie@streetsmart.insurance for renewal replies and incoming carrier emails...
2026-09-09 19:00:04,557 [INFO] gmail_client: Downloaded email attachment: 1a08647fad6ddb25_image338767.png
2026-09-09 19:00:04,717 [INFO] gmail_client: Downloaded email attachment: 1a083b86c1f96e99_image001.png
2026-09-09 19:00:04,812 [INFO] gmail_client: Downloaded email attachment: 1a083b86c1f96e99_image002.png
2026-09-09 19:00:05,042 [INFO] gmail_client: Downloaded email attachment: 1a083b86c1f96e99_A4229653_09082026_210556.pdf
2026-09-09 19:00:05,160 [INFO] gmail_client: Downloaded email attachment: 1a083b86c1f96e99_ADVANCE MARBLE & GRANITE LLC.pdf
2026-09-09 19:00:05,937 [INFO] gmail_client: Downloaded email attachment: 1a080feb059c3c87_WCU  Quotation - BROKER - Quote    QQ41152139 - Pol    106793 - Type  RENEWAL - Year  2026 - Acct    AA14083242 - Doc Date  8-17-2026 - DH  596452684.pdf
2026-09-09 19:00:06,405 [INFO] gmail_client: Downloaded email attachment: 1a0775c756130946_RE_ [External] [RENEWAL-REQ-63] Renewal & Loss Runs Request_ ROBIE Test LLC - Pol #UB-6N448514-25-42-V (Exp_ 10_05_2026).eml
2026-09-09 19:00:06,683 [INFO] gmail_client: Downloaded email attachment: 1a06e418dd5c8cc2_CCP35165.pdf
2026-09-09 19:00:06,831 [INFO] gmail_client: Downloaded email attachment: 1a06d7ed837859ad_ClaimReport_PrintAllPages_09042026135pm.pdf
2026-09-09 19:00:07,268 [INFO] gmail_client: Downloaded email attachment: 1a06c6f6b5b7879a_WCU  Quotation - BROKER - Quote    QQ41152139 - Pol    106793 - Type  RENEWAL - Year  2026 - Acct    AA14083242 - Doc Date  8-17-2026 - DH  596452684.pdf
2026-09-09 19:00:07,402 [INFO] gmail_client: Polling inbox: hello@streetsmart.insurance for renewal replies and incoming carrier emails...
2026-09-09 19:00:07,710 [INFO] uw_reply_filer: Skipping already-filed UW reply 1a0867ccc2ab6f33 for Pol #CM92DC00437-001 MTC
2026-09-09 19:00:07,711 [INFO] uw_reply_filer: Skipping already-filed UW reply 1a08647fad6ddb25 for Pol #ACT4034556
2026-09-09 19:00:07,712 [INFO] uw_reply_filer: Skipping already-filed UW reply 1a083b86c1f96e99 for Pol #6S60UB A422965-3-25
2026-09-09 19:00:07,713 [INFO] uw_reply_filer: Skipping already-filed UW reply 1a082ea1cdf077be for Pol #FINFR17078371-94344-SSRM NTL
2026-09-09 19:00:07,714 [INFO] uw_reply_filer: Skipping already-filed UW reply 1a082ea098872fec for Pol #248394-001APD-94344-SSRM APD
2026-09-09 19:00:07,715 [INFO] uw_reply_filer: Skipping already-filed UW reply 1a082e96301431e0 for Pol #A23B8960-78760-SSRM NTL
2026-09-09 19:00:07,722 [INFO] uw_reply_filer: Skipping already-filed UW reply 1a082daab13d9673 for Pol #FINFR17078371-94344-SSRM NTL
2026-09-09 19:00:07,723 [INFO] uw_reply_filer: Skipping already-filed UW reply 1a082da98263e5b7 for Pol #A23B8960-78760-SSRM NTL
2026-09-09 19:00:07,725 [INFO] uw_reply_filer: Skipping already-filed UW reply 1a082da78d5e2400 for Pol #FINFR17078371-94344-SSRM NTL
2026-09-09 19:00:07,726 [INFO] uw_reply_filer: Skipping already-filed UW reply 1a082da57871b1fb for Pol #FINFR17078371-94344-SSRM NTL
2026-09-09 19:00:07,727 [INFO] uw_reply_filer: Skipping already-filed UW reply 1a082da3d9471f65 for Pol #248394-001APD-94344-SSRM APD
2026-09-09 19:00:07,728 [INFO] uw_reply_filer: Skipping already-filed UW reply 1a0818441f191306 for Pol #67664405
2026-09-09 19:00:07,729 [INFO] uw_reply_filer: Skipping already-filed UW reply 1a080feb059c3c87 for Pol #106793-4-25
2026-09-09 19:00:07,730 [INFO] uw_reply_filer: Skipping already-filed UW reply 1a07e763c98b936a for Pol #WPH5080304 001
2026-09-09 19:00:07,731 [INFO] uw_reply_filer: Skipping already-filed UW reply 1a07dd56907441ad for Pol #ACT4034556
2026-09-09 19:00:07,732 [INFO] uw_reply_filer: Skipping already-filed UW reply 1a07dc83ce522777 for Pol #LSP600011096
2026-09-09 19:00:07,733 [INFO] uw_reply_filer: Skipping already-filed UW reply 1a0775c756130946 for Pol #UB-6N448514-25-42-V
2026-09-09 19:00:07,734 [INFO] uw_reply_filer: Skipping already-filed UW reply 1a070ccac7e06094 for Pol #67664405
2026-09-09 19:00:07,734 [INFO] uw_reply_filer: Skipping already-filed UW reply 1a06e418dd5c8cc2 for Pol #CCP35165-01
2026-09-09 19:00:07,735 [INFO] uw_reply_filer: Skipping already-filed UW reply 1a06d7ed837859ad for Pol #106793-4-25
2026-09-09 19:00:07,736 [INFO] uw_reply_filer: Skipping already-filed UW reply 1a06d45685255eae for Pol #PWC1239278
2026-09-09 19:00:07,737 [INFO] uw_reply_filer: Skipping already-filed UW reply 1a06d39d5e1f0e53 for Pol #UB-6N448514-25-42-V
2026-09-09 19:00:07,738 [INFO] uw_reply_filer: Skipping already-filed UW reply 1a06ca7eacf13fa4 for Pol #13332766-03
2026-09-09 19:00:07,738 [INFO] uw_reply_filer: Skipping already-filed UW reply 1a06c99ccd9d2718 for Pol #268224700A
2026-09-09 19:00:07,739 [INFO] uw_reply_filer: Skipping already-filed UW reply 1a06c6f6b5b7879a for Pol #106793-4-25
2026-09-09 19:00:07,740 [INFO] uw_reply_filer: Skipping already-filed UW reply 1a06c0972cccb3e0 for Pol #UB-6N448514-25-42-V
2026-09-09 19:00:07,741 [INFO] uw_reply_filer: Skipping already-filed UW reply 1a06c07264b9cf22 for Pol #PWC1239278
2026-09-09 19:00:07,742 [INFO] uw_reply_filer: UW reply filing complete: filed=0 skipped=27 errors=0 dry_run=False
2026-09-09 19:00:07,742 [INFO] robie_cleaner: UW reply filing from cleaner: filed=0 skipped=27 dry_run=False
2026-09-09 19:00:21,467 [INFO] robie_cleaner: Gathered 186 authentic messages for reporting.
2026-09-09 19:00:21,469 [INFO] robie_cleaner: Current time (07:00 PM America/New_York) is outside designated report hours (12, 15, 17). Mailbox cleaned and replies filed; email report suppressed.
2026-09-09 19:00:21,469 [INFO] robie_cleaner: Report delivery skipped per schedule gate (12pm, 3pm, 5pm ET).

Execution Finished: 0 noise trashed, 186 real messages found. Report sent: False
=== Robie Daily Mailbox Audit Finished at 2026-09-09_19-00-21 ===
